Archive member included to satisfy reference by file (symbol)

../../Middlewares/ST/STM32_Audio/Addons/PDM/Lib\libPDMFilter_CM4_GCC_wc32.a(pdm_filter.o)
                              ./Drivers/BSP/STM32F4-Discovery/stm32f4_discovery_audio.o (PDM_Filter_Init)
C:/ST/STM32CubeIDE_1.14.0/STM32CubeIDE/plugins/com.st.stm32cube.ide.mcu.externaltools.gnu-tools-for-stm32.11.3.rel1.win32_1.1.100.202309141235/tools/bin/../lib/gcc/arm-none-eabi/11.3.1/../../../../arm-none-eabi/lib/thumb/v7e-m+fp/hard\libc_nano.a(libc_a-exit.o)
                              C:/ST/STM32CubeIDE_1.14.0/STM32CubeIDE/plugins/com.st.stm32cube.ide.mcu.externaltools.gnu-tools-for-stm32.11.3.rel1.win32_1.1.100.202309141235/tools/bin/../lib/gcc/arm-none-eabi/11.3.1/../../../../arm-none-eabi/lib/thumb/v7e-m+fp/hard/crt0.o (exit)
C:/ST/STM32CubeIDE_1.14.0/STM32CubeIDE/plugins/com.st.stm32cube.ide.mcu.externaltools.gnu-tools-for-stm32.11.3.rel1.win32_1.1.100.202309141235/tools/bin/../lib/gcc/arm-none-eabi/11.3.1/../../../../arm-none-eabi/lib/thumb/v7e-m+fp/hard\libc_nano.a(libc_a-malloc.o)
                              ./Middlewares/FatFs/Options/syscall.o (malloc)
C:/ST/STM32CubeIDE_1.14.0/STM32CubeIDE/plugins/com.st.stm32cube.ide.mcu.externaltools.gnu-tools-for-stm32.11.3.rel1.win32_1.1.100.202309141235/tools/bin/../lib/gcc/arm-none-eabi/11.3.1/../../../../arm-none-eabi/lib/thumb/v7e-m+fp/hard\libc_nano.a(libc_a-mallocr.o)
                              C:/ST/STM32CubeIDE_1.14.0/STM32CubeIDE/plugins/com.st.stm32cube.ide.mcu.externaltools.gnu-tools-for-stm32.11.3.rel1.win32_1.1.100.202309141235/tools/bin/../lib/gcc/arm-none-eabi/11.3.1/../../../../arm-none-eabi/lib/thumb/v7e-m+fp/hard\libc_nano.a(libc_a-malloc.o) (_malloc_r)
C:/ST/STM32CubeIDE_1.14.0/STM32CubeIDE/plugins/com.st.stm32cube.ide.mcu.externaltools.gnu-tools-for-stm32.11.3.rel1.win32_1.1.100.202309141235/tools/bin/../lib/gcc/arm-none-eabi/11.3.1/../../../../arm-none-eabi/lib/thumb/v7e-m+fp/hard\libc_nano.a(libc_a-mlock.o)
                              C:/ST/STM32CubeIDE_1.14.0/STM32CubeIDE/plugins/com.st.stm32cube.ide.mcu.externaltools.gnu-tools-for-stm32.11.3.rel1.win32_1.1.100.202309141235/tools/bin/../lib/gcc/arm-none-eabi/11.3.1/../../../../arm-none-eabi/lib/thumb/v7e-m+fp/hard\libc_nano.a(libc_a-mallocr.o) (__malloc_lock)
C:/ST/STM32CubeIDE_1.14.0/STM32CubeIDE/plugins/com.st.stm32cube.ide.mcu.externaltools.gnu-tools-for-stm32.11.3.rel1.win32_1.1.100.202309141235/tools/bin/../lib/gcc/arm-none-eabi/11.3.1/../../../../arm-none-eabi/lib/thumb/v7e-m+fp/hard\libc_nano.a(libc_a-findfp.o)
                              C:/ST/STM32CubeIDE_1.14.0/STM32CubeIDE/plugins/com.st.stm32cube.ide.mcu.externaltools.gnu-tools-for-stm32.11.3.rel1.win32_1.1.100.202309141235/tools/bin/../lib/gcc/arm-none-eabi/11.3.1/../../../../arm-none-eabi/lib/thumb/v7e-m+fp/hard\libc_nano.a(libc_a-exit.o) (__stdio_exit_handler)
C:/ST/STM32CubeIDE_1.14.0/STM32CubeIDE/plugins/com.st.stm32cube.ide.mcu.externaltools.gnu-tools-for-stm32.11.3.rel1.win32_1.1.100.202309141235/tools/bin/../lib/gcc/arm-none-eabi/11.3.1/../../../../arm-none-eabi/lib/thumb/v7e-m+fp/hard\libc_nano.a(libc_a-fwalk.o)
                              C:/ST/STM32CubeIDE_1.14.0/STM32CubeIDE/plugins/com.st.stm32cube.ide.mcu.externaltools.gnu-tools-for-stm32.11.3.rel1.win32_1.1.100.202309141235/tools/bin/../lib/gcc/arm-none-eabi/11.3.1/../../../../arm-none-eabi/lib/thumb/v7e-m+fp/hard\libc_nano.a(libc_a-findfp.o) (_fwalk_sglue)
C:/ST/STM32CubeIDE_1.14.0/STM32CubeIDE/plugins/com.st.stm32cube.ide.mcu.externaltools.gnu-tools-for-stm32.11.3.rel1.win32_1.1.100.202309141235/tools/bin/../lib/gcc/arm-none-eabi/11.3.1/../../../../arm-none-eabi/lib/thumb/v7e-m+fp/hard\libc_nano.a(libc_a-stdio.o)
                              C:/ST/STM32CubeIDE_1.14.0/STM32CubeIDE/plugins/com.st.stm32cube.ide.mcu.externaltools.gnu-tools-for-stm32.11.3.rel1.win32_1.1.100.202309141235/tools/bin/../lib/gcc/arm-none-eabi/11.3.1/../../../../arm-none-eabi/lib/thumb/v7e-m+fp/hard\libc_nano.a(libc_a-findfp.o) (__sread)
C:/ST/STM32CubeIDE_1.14.0/STM32CubeIDE/plugins/com.st.stm32cube.ide.mcu.externaltools.gnu-tools-for-stm32.11.3.rel1.win32_1.1.100.202309141235/tools/bin/../lib/gcc/arm-none-eabi/11.3.1/../../../../arm-none-eabi/lib/thumb/v7e-m+fp/hard\libc_nano.a(libc_a-memset.o)
                              C:/ST/STM32CubeIDE_1.14.0/STM32CubeIDE/plugins/com.st.stm32cube.ide.mcu.externaltools.gnu-tools-for-stm32.11.3.rel1.win32_1.1.100.202309141235/tools/bin/../lib/gcc/arm-none-eabi/11.3.1/../../../../arm-none-eabi/lib/thumb/v7e-m+fp/hard/crt0.o (memset)
C:/ST/STM32CubeIDE_1.14.0/STM32CubeIDE/plugins/com.st.stm32cube.ide.mcu.externaltools.gnu-tools-for-stm32.11.3.rel1.win32_1.1.100.202309141235/tools/bin/../lib/gcc/arm-none-eabi/11.3.1/../../../../arm-none-eabi/lib/thumb/v7e-m+fp/hard\libc_nano.a(libc_a-closer.o)
[...]
Memory Configuration

Name             Origin             Length             Attributes
CCMRAM           0x0000000010000000 0x0000000000010000 xrw
RAM              0x0000000020000000 0x0000000000020000 xrw
ROM              0x0000000008000000 0x0000000000100000 xr
*default*        0x0000000000000000 0xffffffffffffffff

Linker script and memory map

LOAD C:/ST/STM32CubeIDE_1.14.0/STM32CubeIDE/plugins/com.st.stm32cube.ide.mcu.externaltools.gnu-tools-for-stm32.11.3.rel1.win32_1.1.100.202309141235/tools/bin/../lib/gcc/arm-none-eabi/11.3.1/thumb/v7e-m+fp/hard/crti.o
LOAD C:/ST/STM32CubeIDE_1.14.0/STM32CubeIDE/plugins/com.st.stm32cube.ide.mcu.externaltools.gnu-tools-for-stm32.11.3.rel1.win32_1.1.100.202309141235/tools/bin/../lib/gcc/arm-none-eabi/11.3.1/thumb/v7e-m+fp/hard/crtbegin.o
LOAD C:/ST/STM32CubeIDE_1.14.0/STM32CubeIDE/plugins/com.st.stm32cube.ide.mcu.externaltools.gnu-tools-for-stm32.11.3.rel1.win32_1.1.100.202309141235/tools/bin/../lib/gcc/arm-none-eabi/11.3.1/../../../../arm-none-eabi/lib/thumb/v7e-m+fp/hard/crt0.o
LOAD ./Application/Startup/startup_stm32f407vgtx.o
LOAD ./Application/User/main.o
LOAD ./Application/User/stm32f4xx_it.o
LOAD ./Application/User/syscalls.o
LOAD ./Application/User/sysmem.o
LOAD ./Application/User/usbh_conf.o
LOAD ./Application/User/waveplayer.o
LOAD ./Application/User/waverecorder.o
LOAD ./Drivers/BSP/Components/cs43l22.o
LOAD ./Drivers/BSP/Components/lis302dl.o
LOAD ./Drivers/BSP/Components/lis3dsh.o
LOAD ./Drivers/BSP/STM32F4-Discovery/stm32f4_discovery.o
LOAD ./Drivers/BSP/STM32F4-Discovery/stm32f4_discovery_accelerometer.o
LOAD ./Drivers/BSP/STM32F4-Discovery/stm32f4_discovery_audio.o
LOAD ./Drivers/CMSIS/system_stm32f4xx.o
LOAD ./Drivers/STM32F4xx_HAL_Drivers/stm32f4xx_hal.o
LOAD ./Drivers/STM32F4xx_HAL_Drivers/stm32f4xx_hal_cortex.o
LOAD ./Drivers/STM32F4xx_HAL_Drivers/stm32f4xx_hal_dma.o
LOAD ./Drivers/STM32F4xx_HAL_Drivers/stm32f4xx_hal_flash.o
LOAD ./Drivers/STM32F4xx_HAL_Drivers/stm32f4xx_hal_flash_ex.o
LOAD ./Drivers/STM32F4xx_HAL_Drivers/stm32f4xx_hal_gpio.o
LOAD ./Drivers/STM32F4xx_HAL_Drivers/stm32f4xx_hal_hcd.o
LOAD ./Drivers/STM32F4xx_HAL_Drivers/stm32f4xx_hal_i2c.o
LOAD ./Drivers/STM32F4xx_HAL_Drivers/stm32f4xx_hal_i2c_ex.o
LOAD ./Drivers/STM32F4xx_HAL_Drivers/stm32f4xx_hal_i2s.o
LOAD ./Drivers/STM32F4xx_HAL_Drivers/stm32f4xx_hal_i2s_ex.o
LOAD ./Drivers/STM32F4xx_HAL_Drivers/stm32f4xx_hal_pwr.o
LOAD ./Drivers/STM32F4xx_HAL_Drivers/stm32f4xx_hal_pwr_ex.o
LOAD ./Drivers/STM32F4xx_HAL_Drivers/stm32f4xx_hal_rcc.o
LOAD ./Drivers/STM32F4xx_HAL_Drivers/stm32f4xx_hal_rcc_ex.o
LOAD ./Drivers/STM32F4xx_HAL_Drivers/stm32f4xx_hal_rtc.o
LOAD ./Drivers/STM32F4xx_HAL_Drivers/stm32f4xx_hal_spi.o
LOAD ./Drivers/STM32F4xx_HAL_Drivers/stm32f4xx_hal_tim.o
LOAD ./Drivers/STM32F4xx_HAL_Drivers/stm32f4xx_hal_tim_ex.o
LOAD ./Drivers/STM32F4xx_HAL_Drivers/stm32f4xx_ll_fmc.o
LOAD ./Drivers/STM32F4xx_HAL_Drivers/stm32f4xx_ll_usb.o
LOAD ./Middlewares/FatFs/Core/diskio.o
LOAD ./Middlewares/FatFs/Core/ff.o
LOAD ./Middlewares/FatFs/Core/ff_gen_drv.o
LOAD ./Middlewares/FatFs/Drivers/usbh_diskio_dma.o
LOAD ./Middlewares/FatFs/Options/syscall.o
LOAD ./Middlewares/FatFs/Options/unicode.o
LOAD ./Middlewares/STM32_USBH_Library/Class/MSC/usbh_msc.o
LOAD ./Middlewares/STM32_USBH_Library/Class/MSC/usbh_msc_bot.o
LOAD ./Middlewares/STM32_USBH_Library/Class/MSC/usbh_msc_scsi.o
LOAD ./Middlewares/STM32_USBH_Library/Core/usbh_core.o
LOAD ./Middlewares/STM32_USBH_Library/Core/usbh_ctlreq.o
LOAD ./Middlewares/STM32_USBH_Library/Core/usbh_ioreq.o
LOAD ./Middlewares/STM32_USBH_Library/Core/usbh_pipes.o
LOAD ../../Middlewares/ST/STM32_Audio/Addons/PDM/Lib\libPDMFilter_CM4_GCC_wc32.a
START GROUP
LOAD C:/ST/STM32CubeIDE_1.14.0/STM32CubeIDE/plugins/com.st.stm32cube.ide.mcu.externaltools.gnu-tools-for-stm32.11.3.rel1.win32_1.1.100.202309141235/tools/bin/../lib/gcc/arm-none-eabi/11.3.1/../../../../arm-none-eabi/lib/thumb/v7e-m+fp/hard\libc_nano.a
LOAD C:/ST/STM32CubeIDE_1.14.0/STM32CubeIDE/plugins/com.st.stm32cube.ide.mcu.externaltools.gnu-tools-for-stm32.11.3.rel1.win32_1.1.100.202309141235/tools/bin/../lib/gcc/arm-none-eabi/11.3.1/../../../../arm-none-eabi/lib/thumb/v7e-m+fp/hard\libm.a
END GROUP
START GROUP
LOAD C:/ST/STM32CubeIDE_1.14.0/STM32CubeIDE/plugins/com.st.stm32cube.ide.mcu.externaltools.gnu-tools-for-stm32.11.3.rel1.win32_1.1.100.202309141235/tools/bin/../lib/gcc/arm-none-eabi/11.3.1/thumb/v7e-m+fp/hard\libgcc.a
LOAD C:/ST/STM32CubeIDE_1.14.0/STM32CubeIDE/plugins/com.st.stm32cube.ide.mcu.externaltools.gnu-tools-for-stm32.11.3.rel1.win32_1.1.100.202309141235/tools/bin/../lib/gcc/arm-none-eabi/11.3.1/../../../../arm-none-eabi/lib/thumb/v7e-m+fp/hard\libc_nano.a
END GROUP
START GROUP
LOAD C:/ST/STM32CubeIDE_1.14.0/STM32CubeIDE/plugins/com.st.stm32cube.ide.mcu.externaltools.gnu-tools-for-stm32.11.3.rel1.win32_1.1.100.202309141235/tools/bin/../lib/gcc/arm-none-eabi/11.3.1/thumb/v7e-m+fp/hard\libgcc.a
LOAD C:/ST/STM32CubeIDE_1.14.0/STM32CubeIDE/plugins/com.st.stm32cube.ide.mcu.externaltools.gnu-tools-for-stm32.11.3.rel1.win32_1.1.100.202309141235/tools/bin/../lib/gcc/arm-none-eabi/11.3.1/../../../../arm-none-eabi/lib/thumb/v7e-m+fp/hard\libc_nano.a
LOAD C:/ST/STM32CubeIDE_1.14.0/STM32CubeIDE/plugins/com.st.stm32cube.ide.mcu.externaltools.gnu-tools-for-stm32.11.3.rel1.win32_1.1.100.202309141235/tools/bin/../lib/gcc/arm-none-eabi/11.3.1/../../../../arm-none-eabi/lib/thumb/v7e-m+fp/hard\libnosys.a
END GROUP
START GROUP
LOAD C:/ST/STM32CubeIDE_1.14.0/STM32CubeIDE/plugins/com.st.stm32cube.ide.mcu.externaltools.gnu-tools-for-stm32.11.3.rel1.win32_1.1.100.202309141235/tools/bin/../lib/gcc/arm-none-eabi/11.3.1/thumb/v7e-m+fp/hard\libgcc.a
LOAD C:/ST/STM32CubeIDE_1.14.0/STM32CubeIDE/plugins/com.st.stm32cube.ide.mcu.externaltools.gnu-tools-for-stm32.11.3.rel1.win32_1.1.100.202309141235/tools/bin/../lib/gcc/arm-none-eabi/11.3.1/../../../../arm-none-eabi/lib/thumb/v7e-m+fp/hard\libc_nano.a
LOAD C:/ST/STM32CubeIDE_1.14.0/STM32CubeIDE/plugins/com.st.stm32cube.ide.mcu.externaltools.gnu-tools-for-stm32.11.3.rel1.win32_1.1.100.202309141235/tools/bin/../lib/gcc/arm-none-eabi/11.3.1/../../../../arm-none-eabi/lib/thumb/v7e-m+fp/hard\libnosys.a
END GROUP
LOAD C:/ST/STM32CubeIDE_1.14.0/STM32CubeIDE/plugins/com.st.stm32cube.ide.mcu.externaltools.gnu-tools-for-stm32.11.3.rel1.win32_1.1.100.202309141235/tools/bin/../lib/gcc/arm-none-eabi/11.3.1/thumb/v7e-m+fp/hard/crtend.o
LOAD C:/ST/STM32CubeIDE_1.14.0/STM32CubeIDE/plugins/com.st.stm32cube.ide.mcu.externaltools.gnu-tools-for-stm32.11.3.rel1.win32_1.1.100.202309141235/tools/bin/../lib/gcc/arm-none-eabi/11.3.1/thumb/v7e-m+fp/hard/crtn.o
                0x0000000020020000                _estack = (ORIGIN (RAM) + LENGTH (RAM))
                0x0000000000002000                _Min_Heap_Size = 0x2000
                0x0000000000002000                _Min_Stack_Size = 0x2000

.isr_vector     0x0000000008000000      0x188
                0x0000000008000000                . = ALIGN (0x4)
 *(.isr_vector)
 .isr_vector    0x0000000008000000      0x188 ./Application/Startup/startup_stm32f407vgtx.o
                0x0000000008000000                g_pfnVectors
                0x0000000008000188                . = ALIGN (0x4)

.text           0x0000000008000188     0xc050
                0x0000000008000188                . = ALIGN (0x4)
 *(.text)
 .text          0x0000000008000188       0x40 C:/ST/STM32CubeIDE_1.14.0/STM32CubeIDE/plugins/com.st.stm32cube.ide.mcu.externaltools.gnu-tools-for-stm32.11.3.rel1.win32_1.1.100.202309141235/tools/bin/../lib/gcc/arm-none-eabi/11.3.1/thumb/v7e-m+fp/hard/crtbegin.o
 .text          0x00000000080001c8       0x30 C:/ST/STM32CubeIDE_1.14.0/STM32CubeIDE/plugins/com.st.stm32cube.ide.mcu.externaltools.gnu-tools-for-stm32.11.3.rel1.win32_1.1.100.202309141235/tools/bin/../lib/gcc/arm-none-eabi/11.3.1/thumb/v7e-m+fp/hard\libgcc.a(_aeabi_uldivmod.o)
                0x00000000080001c8                __aeabi_uldivmod
 .text          0x00000000080001f8      0x2c8 C:/ST/STM32CubeIDE_1.14.0/STM32CubeIDE/plugins/com.st.stm32cube.ide.mcu.externaltools.gnu-tools-for-stm32.11.3.rel1.win32_1.1.100.202309141235/tools/bin/../lib/gcc/arm-none-eabi/11.3.1/thumb/v7e-m+fp/hard\libgcc.a(_udivmoddi4.o)
                0x00000000080001f8                __udivmoddi4
 .text          0x00000000080004c0        0x4 C:/ST/STM32CubeIDE_1.14.0/STM32CubeIDE/plugins/com.st.stm32cube.ide.mcu.externaltools.gnu-tools-for-stm32.11.3.rel1.win32_1.1.100.202309141235/tools/bin/../lib/gcc/arm-none-eabi/11.3.1/thumb/v7e-m+fp/hard\libgcc.a(_dvmd_tls.o)
                0x00000000080004c0                __aeabi_idiv0
                0x00000000080004c0                __aeabi_ldiv0
 *(.text*)
 .text.Reset_Handler
                0x00000000080004c4       0x50 ./Application/Startup/startup_stm32f407vgtx.o
                0x00000000080004c4                Reset_Handler
 .text.Default_Handler
                0x0000000008000514        0x2 ./Application/Startup/startup_stm32f407vgtx.o
                0x0000000008000514                RTC_Alarm_IRQHandler
                0x0000000008000514                HASH_RNG_IRQHandler
                0x0000000008000514                EXTI2_IRQHandler
                0x0000000008000514                TIM8_CC_IRQHandler
                0x0000000008000514                TIM1_CC_IRQHandler
                0x0000000008000514                DMA2_Stream5_IRQHandler
                0x0000000008000514                DMA1_Stream5_IRQHandler
                0x0000000008000514                PVD_IRQHandler
                0x0000000008000514                SDIO_IRQHandler
                0x0000000008000514                TAMP_STAMP_IRQHandler
                0x0000000008000514                CAN2_RX1_IRQHandler
                0x0000000008000514                EXTI3_IRQHandler
                0x0000000008000514                TIM8_TRG_COM_TIM14_IRQHandler
                0x0000000008000514                TIM1_UP_TIM10_IRQHandler
                0x0000000008000514                TIM8_UP_TIM13_IRQHandler
                0x0000000008000514                I2C3_ER_IRQHandler
                0x0000000008000514                I2C2_EV_IRQHandler
                0x0000000008000514                DMA1_Stream2_IRQHandler
                0x0000000008000514                CAN1_RX0_IRQHandler
                0x0000000008000514                FPU_IRQHandler
                0x0000000008000514                OTG_HS_WKUP_IRQHandler
                0x0000000008000514                CAN2_SCE_IRQHandler
                0x0000000008000514                DMA2_Stream2_IRQHandler
                0x0000000008000514                SPI1_IRQHandler
                0x0000000008000514                TIM6_DAC_IRQHandler
                0x0000000008000514                TIM1_BRK_TIM9_IRQHandler
                0x0000000008000514                DCMI_IRQHandler
                0x0000000008000514                CAN2_RX0_IRQHandler
                0x0000000008000514                DMA2_Stream3_IRQHandler
                0x0000000008000514                USART6_IRQHandler
                0x0000000008000514                USART3_IRQHandler
                0x0000000008000514                CAN1_RX1_IRQHandler
                0x0000000008000514                UART5_IRQHandler
                0x0000000008000514                DMA2_Stream0_IRQHandler
                0x0000000008000514                I2C1_EV_IRQHandler
                0x0000000008000514                DMA1_Stream6_IRQHandler
                0x0000000008000514                DMA1_Stream1_IRQHandler
                0x0000000008000514                UART4_IRQHandler
                0x0000000008000514                TIM3_IRQHandler
                0x0000000008000514                RCC_IRQHandler
                0x0000000008000514                TIM8_BRK_TIM12_IRQHandler
                0x0000000008000514                Default_Handler
                0x0000000008000514                EXTI15_10_IRQHandler
                0x0000000008000514                ADC_IRQHandler
                0x0000000008000514                TIM7_IRQHandler
                0x0000000008000514                CAN2_TX_IRQHandler
                0x0000000008000514                TIM5_IRQHandler
                0x0000000008000514                DMA2_Stream7_IRQHandler
                0x0000000008000514                I2C3_EV_IRQHandler
                0x0000000008000514                EXTI9_5_IRQHandler
                0x0000000008000514                RTC_WKUP_IRQHandler
                0x0000000008000514                ETH_WKUP_IRQHandler
                0x0000000008000514                SPI2_IRQHandler
                0x0000000008000514                OTG_HS_EP1_IN_IRQHandler
                0x0000000008000514                DMA1_Stream0_IRQHandler
                0x0000000008000514                CAN1_TX_IRQHandler
                0x0000000008000514                EXTI4_IRQHandler
                0x0000000008000514                FSMC_IRQHandler
                0x0000000008000514                ETH_IRQHandler
                0x0000000008000514                OTG_HS_EP1_OUT_IRQHandler
                0x0000000008000514                WWDG_IRQHandler
                0x0000000008000514                TIM2_IRQHandler
                0x0000000008000514                OTG_FS_WKUP_IRQHandler
                0x0000000008000514                TIM1_TRG_COM_TIM11_IRQHandler
                0x0000000008000514                OTG_HS_IRQHandler
                0x0000000008000514                USART2_IRQHandler
                0x0000000008000514                I2C2_ER_IRQHandler
                0x0000000008000514                DMA2_Stream1_IRQHandler
                0x0000000008000514                CAN1_SCE_IRQHandler
                0x0000000008000514                FLASH_IRQHandler
                0x0000000008000514                DMA2_Stream4_IRQHandler
                0x0000000008000514                USART1_IRQHandler
                0x0000000008000514                SPI3_IRQHandler
                0x0000000008000514                DMA1_Stream4_IRQHandler
                0x0000000008000514                I2C1_ER_IRQHandler
                0x0000000008000514                DMA2_Stream6_IRQHandler
 *fill*         0x0000000008000516        0x2 
 .text.main     0x0000000008000518       0x84 ./Application/User/main.o
                0x0000000008000518                main
 .text.MSC_Application
                0x000000000800059c        0xc ./Application/User/main.o
 .text.COMMAND_AudioExecuteApplication
                0x00000000080005a8       0x28 ./Application/User/main.o
 .text.SystemClock_Config
                0x00000000080005d0       0xd4 ./Application/User/main.o
 .text.TIM_LED_Config
                0x00000000080006a4       0xfc ./Application/User/main.o
 .text.Error_Handler
                0x00000000080007a0        0xc ./Application/User/main.o
                0x00000000080007a0                Error_Handler
 .text.HAL_TIM_OC_DelayElapsedCallback
                0x00000000080007ac       0xd8 ./Application/User/main.o
                0x00000000080007ac                HAL_TIM_OC_DelayElapsedCallback
 .text.HAL_GPIO_EXTI_Callback
                0x0000000008000884       0xa4 ./Application/User/main.o
                0x0000000008000884                HAL_GPIO_EXTI_Callback
 .text.NMI_Handler
                0x0000000008000928        0xe ./Application/User/stm32f4xx_it.o
                0x0000000008000928                NMI_Handler
 .text.HardFault_Handler
                0x0000000008000936        0x6 ./Application/User/stm32f4xx_it.o
                0x0000000008000936                HardFault_Handler
 .text.MemManage_Handler
                0x000000000800093c        0x6 ./Application/User/stm32f4xx_it.o
                0x000000000800093c                MemManage_Handler
 .text.BusFault_Handler
                0x0000000008000942        0x6 ./Application/User/stm32f4xx_it.o
                0x0000000008000942                BusFault_Handler
 .text.UsageFault_Handler
                0x0000000008000948        0x6 ./Application/User/stm32f4xx_it.o
                0x0000000008000948                UsageFault_Handler
 .text.SVC_Handler
                0x000000000800094e        0xe ./Application/User/stm32f4xx_it.o
                0x000000000800094e                SVC_Handler
 .text.DebugMon_Handler
                0x000000000800095c        0xe ./Application/User/stm32f4xx_it.o
                0x000000000800095c                DebugMon_Handler
 .text.PendSV_Handler
                0x000000000800096a        0xe ./Application/User/stm32f4xx_it.o
                0x000000000800096a                PendSV_Handler
 .text.SysTick_Handler
                0x0000000008000978       0x1c ./Application/User/stm32f4xx_it.o
                0x0000000008000978                SysTick_Handler
 .text.EXTI0_IRQHandler
                0x0000000008000994        0xe ./Application/User/stm32f4xx_it.o
                0x0000000008000994                EXTI0_IRQHandler
 .text.EXTI1_IRQHandler
                0x00000000080009a2        0xe ./Application/User/stm32f4xx_it.o
                0x00000000080009a2                EXTI1_IRQHandler
 .text.DMA1_Stream7_IRQHandler
                0x00000000080009b0       0x18 ./Application/User/stm32f4xx_it.o
                0x00000000080009b0                DMA1_Stream7_IRQHandler
 .text.DMA1_Stream3_IRQHandler
                0x00000000080009c8       0x18 ./Application/User/stm32f4xx_it.o
                0x00000000080009c8                DMA1_Stream3_IRQHandler
 .text.TIM4_IRQHandler
                0x00000000080009e0       0x14 ./Application/User/stm32f4xx_it.o
                0x00000000080009e0                TIM4_IRQHandler
 .text.OTG_FS_IRQHandler
                0x00000000080009f4       0x14 ./Application/User/stm32f4xx_it.o
                0x00000000080009f4                OTG_FS_IRQHandler
 .text.HAL_HCD_SOF_Callback
                0x0000000008000a08       0x1c ./Application/User/usbh_conf.o
                0x0000000008000a08                HAL_HCD_SOF_Callback
 .text.HAL_HCD_Connect_Callback
                0x0000000008000a24       0x1c ./Application/User/usbh_conf.o
                0x0000000008000a24                HAL_HCD_Connect_Callback
 .text.HAL_HCD_Disconnect_Callback
                0x0000000008000a40       0x1c ./Application/User/usbh_conf.o
                0x0000000008000a40                HAL_HCD_Disconnect_Callback
 .text.HAL_HCD_PortEnabled_Callback
                0x0000000008000a5c       0x1c ./Application/User/usbh_conf.o
                0x0000000008000a5c                HAL_HCD_PortEnabled_Callback
 .text.HAL_HCD_PortDisabled_Callback
                0x0000000008000a78       0x1c ./Application/User/usbh_conf.o
                0x0000000008000a78                HAL_HCD_PortDisabled_Callback
 .text.HAL_HCD_HC_NotifyURBChange_Callback
                0x0000000008000a94       0x1c ./Application/User/usbh_conf.o
                0x0000000008000a94                HAL_HCD_HC_NotifyURBChange_Callback
 .text.USBH_LL_Stop
                0x0000000008000ab0       0x1e ./Application/User/usbh_conf.o
                0x0000000008000ab0                USBH_LL_Stop
 .text.WavePlayerInit
                0x0000000008000ace       0x1c ./Application/User/waveplayer.o
                0x0000000008000ace                WavePlayerInit
 .text.BSP_AUDIO_OUT_Error_CallBack
                0x0000000008000aea        0x6 ./Application/User/waveplayer.o
                0x0000000008000aea                BSP_AUDIO_OUT_Error_CallBack
 .text.WaveRecorderProcess
                0x0000000008000af0      0x120 ./Application/User/waverecorder.o
                0x0000000008000af0                WaveRecorderProcess
 .text.BSP_AUDIO_IN_TransferComplete_CallBack
                0x0000000008000c10       0x90 ./Application/User/waverecorder.o
                0x0000000008000c10                BSP_AUDIO_IN_TransferComplete_CallBack
 .text.BSP_AUDIO_IN_HalfTransfer_CallBack
                0x0000000008000ca0       0x90 ./Application/User/waverecorder.o
                0x0000000008000ca0                BSP_AUDIO_IN_HalfTransfer_CallBack
 .text.BSP_AUDIO_OUT_HalfTransfer_CallBack
                0x0000000008000d30       0x18 ./Application/User/waverecorder.o
                0x0000000008000d30                BSP_AUDIO_OUT_HalfTransfer_CallBack
 .text.BSP_AUDIO_OUT_TransferComplete_CallBack
                0x0000000008000d48       0x20 ./Application/User/waverecorder.o
                0x0000000008000d48                BSP_AUDIO_OUT_TransferComplete_CallBack
 .text.cs43l22_Init
                0x0000000008000d68      0x1c8 ./Drivers/BSP/Components/cs43l22.o
                0x0000000008000d68                cs43l22_Init
 .text.cs43l22_DeInit
                0x0000000008000f30        0xc ./Drivers/BSP/Components/cs43l22.o
                0x0000000008000f30                cs43l22_DeInit
 .text.cs43l22_ReadID
                0x0000000008000f3c       0x30 ./Drivers/BSP/Components/cs43l22.o
                0x0000000008000f3c                cs43l22_ReadID
 .text.cs43l22_Play
                0x0000000008000f6c       0x74 ./Drivers/BSP/Components/cs43l22.o
                0x0000000008000f6c                cs43l22_Play
 .text.cs43l22_Pause
                0x0000000008000fe0       0x42 ./Drivers/BSP/Components/cs43l22.o
                0x0000000008000fe0                cs43l22_Pause
 *fill*         0x0000000008001022        0x2 
 .text.cs43l22_Resume
                0x0000000008001024       0x78 ./Drivers/BSP/Components/cs43l22.o
                0x0000000008001024                cs43l22_Resume
 .text.cs43l22_Stop
                0x000000000800109c       0x68 ./Drivers/BSP/Components/cs43l22.o
                0x000000000800109c                cs43l22_Stop
 .text.cs43l22_SetVolume
                0x0000000008001104       0xbc ./Drivers/BSP/Components/cs43l22.o
                0x0000000008001104                cs43l22_SetVolume
 .text.cs43l22_SetFrequency
                0x00000000080011c0       0x1a ./Drivers/BSP/Components/cs43l22.o
                0x00000000080011c0                cs43l22_SetFrequency
 *fill*         0x00000000080011da        0x2 
 .text.cs43l22_SetMute
                0x00000000080011dc       0xbc ./Drivers/BSP/Components/cs43l22.o
                0x00000000080011dc                cs43l22_SetMute
 .text.cs43l22_SetOutputMode
                0x0000000008001298       0xe4 ./Drivers/BSP/Components/cs43l22.o
                0x0000000008001298                cs43l22_SetOutputMode
 .text.cs43l22_Reset
                0x000000000800137c       0x18 ./Drivers/BSP/Components/cs43l22.o
                0x000000000800137c                cs43l22_Reset
 .text.CODEC_IO_Write
                0x0000000008001394       0x2e ./Drivers/BSP/Components/cs43l22.o
 .text.LIS302DL_Init
                0x00000000080013c2       0x2e ./Drivers/BSP/Components/lis302dl.o
                0x00000000080013c2                LIS302DL_Init
 .text.LIS302DL_DeInit
                0x00000000080013f0        0xe ./Drivers/BSP/Components/lis302dl.o
                0x00000000080013f0                LIS302DL_DeInit
 .text.LIS302DL_ReadID
                0x00000000080013fe       0x24 ./Drivers/BSP/Components/lis302dl.o
                0x00000000080013fe                LIS302DL_ReadID
 .text.LIS302DL_FilterConfig
                0x0000000008001422       0x46 ./Drivers/BSP/Components/lis302dl.o
                0x0000000008001422                LIS302DL_FilterConfig
 .text.LIS302DL_InterruptConfig
                0x0000000008001468       0x46 ./Drivers/BSP/Components/lis302dl.o
                0x0000000008001468                LIS302DL_InterruptConfig
 .text.LIS302DL_Click_IntConfig
                0x00000000080014ae       0xaa ./Drivers/BSP/Components/lis302dl.o
                0x00000000080014ae                LIS302DL_Click_IntConfig
 .text.LIS302DL_Click_IntClear
                0x0000000008001558       0x2c ./Drivers/BSP/Components/lis302dl.o
                0x0000000008001558                LIS302DL_Click_IntClear
 .text.LIS302DL_RebootCmd
                0x0000000008001584       0x30 ./Drivers/BSP/Components/lis302dl.o
                0x0000000008001584                LIS302DL_RebootCmd
 .text.LIS302DL_ReadACC
                0x00000000080015b4       0xb4 ./Drivers/BSP/Components/lis302dl.o
                0x00000000080015b4                LIS302DL_ReadACC
 .text.LIS3DSH_Init
                0x0000000008001668       0x46 ./Drivers/BSP/Components/lis3dsh.o
                0x0000000008001668                LIS3DSH_Init
 .text.LIS3DSH_DeInit
                0x00000000080016ae        0xe ./Drivers/BSP/Components/lis3dsh.o
                0x00000000080016ae                LIS3DSH_DeInit
 .text.LIS3DSH_ReadID
                0x00000000080016bc       0x24 ./Drivers/BSP/Components/lis3dsh.o
                0x00000000080016bc                LIS3DSH_ReadID
 .text.LIS3DSH_InterruptConfig
                0x00000000080016e0       0x70 ./Drivers/BSP/Components/lis3dsh.o
                0x00000000080016e0                LIS3DSH_InterruptConfig
 .text.LIS3DSH_Click_IntConfig
                0x0000000008001750       0xde ./Drivers/BSP/Components/lis3dsh.o
                0x0000000008001750                LIS3DSH_Click_IntConfig
 .text.LIS3DSH_RebootCmd
                0x000000000800182e       0x30 ./Drivers/BSP/Components/lis3dsh.o
                0x000000000800182e                LIS3DSH_RebootCmd
 *fill*         0x000000000800185e        0x2 
 .text.LIS3DSH_ReadACC
                0x0000000008001860      0x1b4 ./Drivers/BSP/Components/lis3dsh.o
                0x0000000008001860                LIS3DSH_ReadACC
 .text.BSP_LED_Init
                0x0000000008001a14       0xf0 ./Drivers/BSP/STM32F4-Discovery/stm32f4_discovery.o
                0x0000000008001a14                BSP_LED_Init
 .text.BSP_LED_On
                0x0000000008001b04       0x34 ./Drivers/BSP/STM32F4-Discovery/stm32f4_discovery.o
                0x0000000008001b04                BSP_LED_On
 .text.BSP_LED_Off
                0x0000000008001b38       0x34 ./Drivers/BSP/STM32F4-Discovery/stm32f4_discovery.o
                0x0000000008001b38                BSP_LED_Off
 .text.BSP_LED_Toggle
                0x0000000008001b6c       0x34 ./Drivers/BSP/STM32F4-Discovery/stm32f4_discovery.o
                0x0000000008001b6c                BSP_LED_Toggle
 .text.BSP_PB_Init
                0x0000000008001ba0       0xb0 ./Drivers/BSP/STM32F4-Discovery/stm32f4_discovery.o
                0x0000000008001ba0                BSP_PB_Init
 .text.SPIx_Init
                0x0000000008001c50       0x74 ./Drivers/BSP/STM32F4-Discovery/stm32f4_discovery.o
 .text.SPIx_WriteRead
                0x0000000008001cc4       0x40 ./Drivers/BSP/STM32F4-Discovery/stm32f4_discovery.o
 .text.SPIx_Error
                0x0000000008001d04       0x18 ./Drivers/BSP/STM32F4-Discovery/stm32f4_discovery.o
 .text.SPIx_MspInit
                0x0000000008001d1c       0x70 ./Drivers/BSP/STM32F4-Discovery/stm32f4_discovery.o
 .text.I2Cx_Init
                0x0000000008001d8c       0x4c ./Drivers/BSP/STM32F4-Discovery/stm32f4_discovery.o
 .text.I2Cx_WriteData
                0x0000000008001dd8       0x58 ./Drivers/BSP/STM32F4-Discovery/stm32f4_discovery.o
 .text.I2Cx_ReadData
                0x0000000008001e30       0x5c ./Drivers/BSP/STM32F4-Discovery/stm32f4_discovery.o
 .text.I2Cx_Error
                0x0000000008001e8c       0x20 ./Drivers/BSP/STM32F4-Discovery/stm32f4_discovery.o
 .text.I2Cx_MspInit
                0x0000000008001eac       0xa8 ./Drivers/BSP/STM32F4-Discovery/stm32f4_discovery.o
 .text.ACCELERO_IO_Init
                0x0000000008001f54       0x5c ./Drivers/BSP/STM32F4-Discovery/stm32f4_discovery.o
                0x0000000008001f54                ACCELERO_IO_Init
 .text.ACCELERO_IO_ITConfig
                0x0000000008001fb0       0x60 ./Drivers/BSP/STM32F4-Discovery/stm32f4_discovery.o
                0x0000000008001fb0                ACCELERO_IO_ITConfig
 .text.ACCELERO_IO_Write
                0x0000000008002010       0x64 ./Drivers/BSP/STM32F4-Discovery/stm32f4_discovery.o
                0x0000000008002010                ACCELERO_IO_Write
 .text.ACCELERO_IO_Read
                0x0000000008002074       0x74 ./Drivers/BSP/STM32F4-Discovery/stm32f4_discovery.o
                0x0000000008002074                ACCELERO_IO_Read
 .text.AUDIO_IO_Init
                0x00000000080020e8       0x70 ./Drivers/BSP/STM32F4-Discovery/stm32f4_discovery.o
                0x00000000080020e8                AUDIO_IO_Init
 .text.AUDIO_IO_DeInit
                0x0000000008002158        0xe ./Drivers/BSP/STM32F4-Discovery/stm32f4_discovery.o
                0x0000000008002158                AUDIO_IO_DeInit
 .text.AUDIO_IO_Write
                0x0000000008002166       0x26 ./Drivers/BSP/STM32F4-Discovery/stm32f4_discovery.o
                0x0000000008002166                AUDIO_IO_Write
 .text.AUDIO_IO_Read
                0x000000000800218c       0x26 ./Drivers/BSP/STM32F4-Discovery/stm32f4_discovery.o
                0x000000000800218c                AUDIO_IO_Read
 *fill*         0x00000000080021b2        0x2 
 .text.BSP_ACCELERO_Init
                0x00000000080021b4      0x118 ./Drivers/BSP/STM32F4-Discovery/stm32f4_discovery_accelerometer.o
                0x00000000080021b4                BSP_ACCELERO_Init
 .text.BSP_ACCELERO_ReadID
                0x00000000080022cc       0x30 ./Drivers/BSP/STM32F4-Discovery/stm32f4_discovery_accelerometer.o
                0x00000000080022cc                BSP_ACCELERO_ReadID
 .text.BSP_ACCELERO_Click_ITClear
                0x00000000080022fc       0x20 ./Drivers/BSP/STM32F4-Discovery/stm32f4_discovery_accelerometer.o
                0x00000000080022fc                BSP_ACCELERO_Click_ITClear
 .text.BSP_AUDIO_OUT_Init
                0x000000000800231c       0x9c ./Drivers/BSP/STM32F4-Discovery/stm32f4_discovery_audio.o
                0x000000000800231c                BSP_AUDIO_OUT_Init
 .text.BSP_AUDIO_OUT_Play
                0x00000000080023b8       0x54 ./Drivers/BSP/STM32F4-Discovery/stm32f4_discovery_audio.o
                0x00000000080023b8                BSP_AUDIO_OUT_Play
 .text.BSP_AUDIO_OUT_ChangeBuffer
                0x000000000800240c       0x24 ./Drivers/BSP/STM32F4-Discovery/stm32f4_discovery_audio.o
                0x000000000800240c                BSP_AUDIO_OUT_ChangeBuffer
 .text.HAL_I2S_TxCpltCallback
                0x0000000008002430       0x24 ./Drivers/BSP/STM32F4-Discovery/stm32f4_discovery_audio.o
                0x0000000008002430                HAL_I2S_TxCpltCallback
 .text.HAL_I2S_TxHalfCpltCallback
                0x0000000008002454       0x24 ./Drivers/BSP/STM32F4-Discovery/stm32f4_discovery_audio.o
                0x0000000008002454                HAL_I2S_TxHalfCpltCallback
 .text.BSP_AUDIO_OUT_ClockConfig
                0x0000000008002478       0xb4 ./Drivers/BSP/STM32F4-Discovery/stm32f4_discovery_audio.o
                0x0000000008002478                BSP_AUDIO_OUT_ClockConfig
 .text.BSP_AUDIO_OUT_MspInit
                0x000000000800252c      0x180 ./Drivers/BSP/STM32F4-Discovery/stm32f4_discovery_audio.o
                0x000000000800252c                BSP_AUDIO_OUT_MspInit
 .text.I2S3_Init
                0x00000000080026ac       0x70 ./Drivers/BSP/STM32F4-Discovery/stm32f4_discovery_audio.o
 .text.BSP_AUDIO_IN_Init
                0x000000000800271c       0x54 ./Drivers/BSP/STM32F4-Discovery/stm32f4_discovery_audio.o
                0x000000000800271c                BSP_AUDIO_IN_Init
 .text.BSP_AUDIO_IN_Record
                0x0000000008002770       0x30 ./Drivers/BSP/STM32F4-Discovery/stm32f4_discovery_audio.o
                0x0000000008002770                BSP_AUDIO_IN_Record
 .text.BSP_AUDIO_IN_PDMToPCM
                0x00000000080027a0       0xe8 ./Drivers/BSP/STM32F4-Discovery/stm32f4_discovery_audio.o
                0x00000000080027a0                BSP_AUDIO_IN_PDMToPCM
 .text.HAL_I2S_RxCpltCallback
                0x0000000008002888       0x14 ./Drivers/BSP/STM32F4-Discovery/stm32f4_discovery_audio.o
                0x0000000008002888                HAL_I2S_RxCpltCallback
 .text.HAL_I2S_RxHalfCpltCallback
                0x000000000800289c       0x14 ./Drivers/BSP/STM32F4-Discovery/stm32f4_discovery_audio.o
                0x000000000800289c                HAL_I2S_RxHalfCpltCallback
 .text.BSP_AUDIO_IN_ClockConfig
                0x00000000080028b0       0x58 ./Drivers/BSP/STM32F4-Discovery/stm32f4_discovery_audio.o
                0x00000000080028b0                BSP_AUDIO_IN_ClockConfig
 .text.BSP_AUDIO_IN_MspInit
                0x0000000008002908      0x15c ./Drivers/BSP/STM32F4-Discovery/stm32f4_discovery_audio.o
                0x0000000008002908                BSP_AUDIO_IN_MspInit
 .text.BSP_AUDIO_IN_Error_Callback
                0x0000000008002a64        0xe ./Drivers/BSP/STM32F4-Discovery/stm32f4_discovery_audio.o
                0x0000000008002a64                BSP_AUDIO_IN_Error_Callback
 *fill*         0x0000000008002a72        0x2 
 .text.PDMDecoder_Init
                0x0000000008002a74      0x138 ./Drivers/BSP/STM32F4-Discovery/stm32f4_discovery_audio.o
 .text.I2S2_Init
                0x0000000008002bac       0x70 ./Drivers/BSP/STM32F4-Discovery/stm32f4_discovery_audio.o
 .text.HAL_I2S_ErrorCallback
                0x0000000008002c1c       0x34 ./Drivers/BSP/STM32F4-Discovery/stm32f4_discovery_audio.o
                0x0000000008002c1c                HAL_I2S_ErrorCallback
 .text.SystemInit
                0x0000000008002c50       0x6c ./Drivers/CMSIS/system_stm32f4xx.o
                0x0000000008002c50                SystemInit
 .text.HAL_Init
                0x0000000008002cbc       0x38 ./Drivers/STM32F4xx_HAL_Drivers/stm32f4xx_hal.o
                0x0000000008002cbc                HAL_Init
 .text.HAL_MspInit
                0x0000000008002cf4        0xe ./Drivers/STM32F4xx_HAL_Drivers/stm32f4xx_hal.o
                0x0000000008002cf4                HAL_MspInit
 *fill*         0x0000000008002d02        0x2 
 .text.HAL_InitTick
                0x0000000008002d04       0x60 ./Drivers/STM32F4xx_HAL_Drivers/stm32f4xx_hal.o
                0x0000000008002d04                HAL_InitTick
 .text.HAL_IncTick
                0x0000000008002d64       0x28 ./Drivers/STM32F4xx_HAL_Drivers/stm32f4xx_hal.o
                0x0000000008002d64                HAL_IncTick
 .text.HAL_GetTick
                0x0000000008002d8c       0x18 ./Drivers/STM32F4xx_HAL_Drivers/stm32f4xx_hal.o
                0x0000000008002d8c                HAL_GetTick
 .text.HAL_Delay
                0x0000000008002da4       0x48 ./Drivers/STM32F4xx_HAL_Drivers/stm32f4xx_hal.o
                0x0000000008002da4                HAL_Delay
 .text.HAL_GetREVID
                0x0000000008002dec       0x18 ./Drivers/STM32F4xx_HAL_Drivers/stm32f4xx_hal.o
                0x0000000008002dec                HAL_GetREVID
 .text.__NVIC_SetPriorityGrouping
                0x0000000008002e04       0x48 ./Drivers/STM32F4xx_HAL_Drivers/stm32f4xx_hal_cortex.o
 .text.__NVIC_GetPriorityGrouping
                0x0000000008002e4c       0x1c ./Drivers/STM32F4xx_HAL_Drivers/stm32f4xx_hal_cortex.o
 .text.__NVIC_EnableIRQ
                0x0000000008002e68       0x3c ./Drivers/STM32F4xx_HAL_Drivers/stm32f4xx_hal_cortex.o
 .text.__NVIC_SetPriority
                0x0000000008002ea4       0x54 ./Drivers/STM32F4xx_HAL_Drivers/stm32f4xx_hal_cortex.o
 .text.NVIC_EncodePriority
                0x0000000008002ef8       0x66 ./Drivers/STM32F4xx_HAL_Drivers/stm32f4xx_hal_cortex.o
 *fill*         0x0000000008002f5e        0x2 
 .text.SysTick_Config
                0x0000000008002f60       0x44 ./Drivers/STM32F4xx_HAL_Drivers/stm32f4xx_hal_cortex.o
 .text.HAL_NVIC_SetPriorityGrouping
                0x0000000008002fa4       0x16 ./Drivers/STM32F4xx_HAL_Drivers/stm32f4xx_hal_cortex.o
                0x0000000008002fa4                HAL_NVIC_SetPriorityGrouping
 .text.HAL_NVIC_SetPriority
                0x0000000008002fba       0x38 ./Drivers/STM32F4xx_HAL_Drivers/stm32f4xx_hal_cortex.o
                0x0000000008002fba                HAL_NVIC_SetPriority
 .text.HAL_NVIC_EnableIRQ
                0x0000000008002ff2       0x1c ./Drivers/STM32F4xx_HAL_Drivers/stm32f4xx_hal_cortex.o
                0x0000000008002ff2                HAL_NVIC_EnableIRQ
 .text.HAL_SYSTICK_Config
                0x000000000800300e       0x18 ./Drivers/STM32F4xx_HAL_Drivers/stm32f4xx_hal_cortex.o
                0x000000000800300e                HAL_SYSTICK_Config
 *fill*         0x0000000008003026        0x2 
 .text.HAL_DMA_Init
                0x0000000008003028      0x15c ./Drivers/STM32F4xx_HAL_Drivers/stm32f4xx_hal_dma.o
                0x0000000008003028                HAL_DMA_Init
 .text.HAL_DMA_DeInit
                0x0000000008003184       0xbc ./Drivers/STM32F4xx_HAL_Drivers/stm32f4xx_hal_dma.o
                0x0000000008003184                HAL_DMA_DeInit
 .text.HAL_DMA_Start_IT
                0x0000000008003240       0xb0 ./Drivers/STM32F4xx_HAL_Drivers/stm32f4xx_hal_dma.o
                0x0000000008003240                HAL_DMA_Start_IT
 .text.HAL_DMA_IRQHandler
                0x00000000080032f0      0x314 ./Drivers/STM32F4xx_HAL_Drivers/stm32f4xx_hal_dma.o
                0x00000000080032f0                HAL_DMA_IRQHandler
 .text.DMA_SetConfig
                0x0000000008003604       0x5c ./Drivers/STM32F4xx_HAL_Drivers/stm32f4xx_hal_dma.o
 .text.DMA_CalcBaseAndBitshift
                0x0000000008003660       0x6c ./Drivers/STM32F4xx_HAL_Drivers/stm32f4xx_hal_dma.o
 .text.DMA_CheckFifoParam
                0x00000000080036cc       0xf8 ./Drivers/STM32F4xx_HAL_Drivers/stm32f4xx_hal_dma.o
 .text.HAL_GPIO_Init
                0x00000000080037c4      0x338 ./Drivers/STM32F4xx_HAL_Drivers/stm32f4xx_hal_gpio.o
                0x00000000080037c4                HAL_GPIO_Init
 .text.HAL_GPIO_WritePin
                0x0000000008003afc       0x32 ./Drivers/STM32F4xx_HAL_Drivers/stm32f4xx_hal_gpio.o
                0x0000000008003afc                HAL_GPIO_WritePin
 .text.HAL_GPIO_TogglePin
                0x0000000008003b2e       0x34 ./Drivers/STM32F4xx_HAL_Drivers/stm32f4xx_hal_gpio.o
                0x0000000008003b2e                HAL_GPIO_TogglePin
 *fill*         0x0000000008003b62        0x2 
 .text.HAL_GPIO_EXTI_IRQHandler
                0x0000000008003b64       0x30 ./Drivers/STM32F4xx_HAL_Drivers/stm32f4xx_hal_gpio.o
                0x0000000008003b64                HAL_GPIO_EXTI_IRQHandler
 .text.HAL_HCD_IRQHandler
                0x0000000008003b94      0x220 ./Drivers/STM32F4xx_HAL_Drivers/stm32f4xx_hal_hcd.o
                0x0000000008003b94                HAL_HCD_IRQHandler
 .text.HAL_HCD_Stop
                0x0000000008003db4       0x3a ./Drivers/STM32F4xx_HAL_Drivers/stm32f4xx_hal_hcd.o
                0x0000000008003db4                HAL_HCD_Stop
 .text.HCD_HC_IN_IRQHandler
                0x0000000008003dee      0xcd2 ./Drivers/STM32F4xx_HAL_Drivers/stm32f4xx_hal_hcd.o
 .text.HCD_HC_OUT_IRQHandler
                0x0000000008004ac0      0x94a ./Drivers/STM32F4xx_HAL_Drivers/stm32f4xx_hal_hcd.o
 .text.HCD_RXQLVL_IRQHandler
                0x000000000800540a      0x1be ./Drivers/STM32F4xx_HAL_Drivers/stm32f4xx_hal_hcd.o
 .text.HCD_Port_IRQHandler
                0x00000000080055c8       0xe6 ./Drivers/STM32F4xx_HAL_Drivers/stm32f4xx_hal_hcd.o
 *fill*         0x00000000080056ae        0x2 
 .text.HAL_I2C_Init
                0x00000000080056b0      0x288 ./Drivers/STM32F4xx_HAL_Drivers/stm32f4xx_hal_i2c.o
                0x00000000080056b0                HAL_I2C_Init
 .text.HAL_I2C_DeInit
                0x0000000008005938       0x5e ./Drivers/STM32F4xx_HAL_Drivers/stm32f4xx_hal_i2c.o
                0x0000000008005938                HAL_I2C_DeInit
 .text.HAL_I2C_MspInit
                0x0000000008005996       0x14 ./Drivers/STM32F4xx_HAL_Drivers/stm32f4xx_hal_i2c.o
                0x0000000008005996                HAL_I2C_MspInit
 .text.HAL_I2C_MspDeInit
                0x00000000080059aa       0x14 ./Drivers/STM32F4xx_HAL_Drivers/stm32f4xx_hal_i2c.o
                0x00000000080059aa                HAL_I2C_MspDeInit
 *fill*         0x00000000080059be        0x2 
 .text.HAL_I2C_Mem_Write
                0x00000000080059c0      0x1f4 ./Drivers/STM32F4xx_HAL_Drivers/stm32f4xx_hal_i2c.o
                0x00000000080059c0                HAL_I2C_Mem_Write
 .text.HAL_I2C_Mem_Read
                0x0000000008005bb4      0x464 ./Drivers/STM32F4xx_HAL_Drivers/stm32f4xx_hal_i2c.o
                0x0000000008005bb4                HAL_I2C_Mem_Read
 .text.HAL_I2C_GetState
                0x0000000008006018       0x1c ./Drivers/STM32F4xx_HAL_Drivers/stm32f4xx_hal_i2c.o
                0x0000000008006018                HAL_I2C_GetState
 .text.I2C_RequestMemoryWrite
                0x0000000008006034      0x12c ./Drivers/STM32F4xx_HAL_Drivers/stm32f4xx_hal_i2c.o
 .text.I2C_RequestMemoryRead
                0x0000000008006160      0x1d0 ./Drivers/STM32F4xx_HAL_Drivers/stm32f4xx_hal_i2c.o
 .text.I2C_WaitOnFlagUntilTimeout
                0x0000000008006330       0xf4 ./Drivers/STM32F4xx_HAL_Drivers/stm32f4xx_hal_i2c.o
 .text.I2C_WaitOnMasterAddressFlagUntilTimeout
                0x0000000008006424      0x140 ./Drivers/STM32F4xx_HAL_Drivers/stm32f4xx_hal_i2c.o
 .text.I2C_WaitOnTXEFlagUntilTimeout
                0x0000000008006564       0x90 ./Drivers/STM32F4xx_HAL_Drivers/stm32f4xx_hal_i2c.o
 .text.I2C_WaitOnBTFFlagUntilTimeout
                0x00000000080065f4       0x90 ./Drivers/STM32F4xx_HAL_Drivers/stm32f4xx_hal_i2c.o
 .text.I2C_WaitOnRXNEFlagUntilTimeout
                0x0000000008006684       0xba ./Drivers/STM32F4xx_HAL_Drivers/stm32f4xx_hal_i2c.o
 .text.I2C_IsAcknowledgeFailed
                0x000000000800673e       0x5e ./Drivers/STM32F4xx_HAL_Drivers/stm32f4xx_hal_i2c.o
 .text.HAL_I2S_Init
                0x000000000800679c      0x280 ./Drivers/STM32F4xx_HAL_Drivers/stm32f4xx_hal_i2s.o
                0x000000000800679c                HAL_I2S_Init
 .text.HAL_I2S_MspInit
                0x0000000008006a1c       0x14 ./Drivers/STM32F4xx_HAL_Drivers/stm32f4xx_hal_i2s.o
                0x0000000008006a1c                HAL_I2S_MspInit
 .text.HAL_I2S_Transmit_DMA
                0x0000000008006a30      0x150 ./Drivers/STM32F4xx_HAL_Drivers/stm32f4xx_hal_i2s.o
                0x0000000008006a30                HAL_I2S_Transmit_DMA
 .text.HAL_I2S_Receive_DMA
                0x0000000008006b80      0x178 ./Drivers/STM32F4xx_HAL_Drivers/stm32f4xx_hal_i2s.o
                0x0000000008006b80                HAL_I2S_Receive_DMA
 .text.HAL_I2S_GetState
                0x0000000008006cf8       0x1c ./Drivers/STM32F4xx_HAL_Drivers/stm32f4xx_hal_i2s.o
                0x0000000008006cf8                HAL_I2S_GetState
 .text.I2S_DMATxCplt
                0x0000000008006d14       0x42 ./Drivers/STM32F4xx_HAL_Drivers/stm32f4xx_hal_i2s.o
 .text.I2S_DMATxHalfCplt
                0x0000000008006d56       0x1c ./Drivers/STM32F4xx_HAL_Drivers/stm32f4xx_hal_i2s.o
 .text.I2S_DMARxCplt
                0x0000000008006d72       0x42 ./Drivers/STM32F4xx_HAL_Drivers/stm32f4xx_hal_i2s.o
 .text.I2S_DMARxHalfCplt
                0x0000000008006db4       0x1c ./Drivers/STM32F4xx_HAL_Drivers/stm32f4xx_hal_i2s.o
 .text.I2S_DMAError
                0x0000000008006dd0       0x4c ./Drivers/STM32F4xx_HAL_Drivers/stm32f4xx_hal_i2s.o
 .text.I2S_Transmit_IT
                0x0000000008006e1c       0x5c ./Drivers/STM32F4xx_HAL_Drivers/stm32f4xx_hal_i2s.o
 .text.I2S_Receive_IT
                0x0000000008006e78       0x5e ./Drivers/STM32F4xx_HAL_Drivers/stm32f4xx_hal_i2s.o
 .text.I2S_IRQHandler
                0x0000000008006ed6      0x114 ./Drivers/STM32F4xx_HAL_Drivers/stm32f4xx_hal_i2s.o
 *fill*         0x0000000008006fea        0x2 
 .text.HAL_I2SEx_FullDuplex_IRQHandler
                0x0000000008006fec      0x2a8 ./Drivers/STM32F4xx_HAL_Drivers/stm32f4xx_hal_i2s_ex.o
                0x0000000008006fec                HAL_I2SEx_FullDuplex_IRQHandler
 .text.HAL_I2SEx_TxRxCpltCallback
                0x0000000008007294       0x14 ./Drivers/STM32F4xx_HAL_Drivers/stm32f4xx_hal_i2s_ex.o
                0x0000000008007294                HAL_I2SEx_TxRxCpltCallback
 .text.I2SEx_TxISR_I2S
                0x00000000080072a8       0x62 ./Drivers/STM32F4xx_HAL_Drivers/stm32f4xx_hal_i2s_ex.o
 *fill*         0x000000000800730a        0x2 
 .text.I2SEx_TxISR_I2SExt
                0x000000000800730c       0x98 ./Drivers/STM32F4xx_HAL_Drivers/stm32f4xx_hal_i2s_ex.o
 .text.I2SEx_RxISR_I2S
                0x00000000080073a4       0x64 ./Drivers/STM32F4xx_HAL_Drivers/stm32f4xx_hal_i2s_ex.o
 .text.I2SEx_RxISR_I2SExt
                0x0000000008007408       0x98 ./Drivers/STM32F4xx_HAL_Drivers/stm32f4xx_hal_i2s_ex.o
 .text.HAL_RCC_OscConfig
                0x00000000080074a0      0x4f0 ./Drivers/STM32F4xx_HAL_Drivers/stm32f4xx_hal_rcc.o
                0x00000000080074a0                HAL_RCC_OscConfig
 .text.HAL_RCC_ClockConfig
                0x0000000008007990      0x1cc ./Drivers/STM32F4xx_HAL_Drivers/stm32f4xx_hal_rcc.o
                0x0000000008007990                HAL_RCC_ClockConfig
 .text.HAL_RCC_GetSysClockFreq
                0x0000000008007b5c      0x20c ./Drivers/STM32F4xx_HAL_Drivers/stm32f4xx_hal_rcc.o
                0x0000000008007b5c                HAL_RCC_GetSysClockFreq
 .text.HAL_RCC_GetHCLKFreq
                0x0000000008007d68       0x18 ./Drivers/STM32F4xx_HAL_Drivers/stm32f4xx_hal_rcc.o
                0x0000000008007d68                HAL_RCC_GetHCLKFreq
 .text.HAL_RCC_GetPCLK1Freq
                0x0000000008007d80       0x28 ./Drivers/STM32F4xx_HAL_Drivers/stm32f4xx_hal_rcc.o
                0x0000000008007d80                HAL_RCC_GetPCLK1Freq
 .text.HAL_RCCEx_PeriphCLKConfig
                0x0000000008007da8      0x1c4 ./Drivers/STM32F4xx_HAL_Drivers/stm32f4xx_hal_rcc_ex.o
                0x0000000008007da8                HAL_RCCEx_PeriphCLKConfig
 .text.HAL_RCCEx_GetPeriphCLKConfig
                0x0000000008007f6c       0x58 ./Drivers/STM32F4xx_HAL_Drivers/stm32f4xx_hal_rcc_ex.o
                0x0000000008007f6c                HAL_RCCEx_GetPeriphCLKConfig
 .text.HAL_RCCEx_GetPeriphCLKFreq
                0x0000000008007fc4       0xc0 ./Drivers/STM32F4xx_HAL_Drivers/stm32f4xx_hal_rcc_ex.o
                0x0000000008007fc4                HAL_RCCEx_GetPeriphCLKFreq
 .text.HAL_SPI_Init
                0x0000000008008084      0x122 ./Drivers/STM32F4xx_HAL_Drivers/stm32f4xx_hal_spi.o
                0x0000000008008084                HAL_SPI_Init
 .text.HAL_SPI_DeInit
                0x00000000080081a6       0x50 ./Drivers/STM32F4xx_HAL_Drivers/stm32f4xx_hal_spi.o
                0x00000000080081a6                HAL_SPI_DeInit
 .text.HAL_SPI_MspInit
                0x00000000080081f6       0x14 ./Drivers/STM32F4xx_HAL_Drivers/stm32f4xx_hal_spi.o
                0x00000000080081f6                HAL_SPI_MspInit
 .text.HAL_SPI_MspDeInit
                0x000000000800820a       0x14 ./Drivers/STM32F4xx_HAL_Drivers/stm32f4xx_hal_spi.o
                0x000000000800820a                HAL_SPI_MspDeInit
 .text.HAL_SPI_TransmitReceive
                0x000000000800821e      0x48c ./Drivers/STM32F4xx_HAL_Drivers/stm32f4xx_hal_spi.o
                0x000000000800821e                HAL_SPI_TransmitReceive
 .text.HAL_SPI_GetState
                0x00000000080086aa       0x1c ./Drivers/STM32F4xx_HAL_Drivers/stm32f4xx_hal_spi.o
                0x00000000080086aa                HAL_SPI_GetState
 *fill*         0x00000000080086c6        0x2 
 .text.SPI_WaitFlagStateUntilTimeout
                0x00000000080086c8      0x110 ./Drivers/STM32F4xx_HAL_Drivers/stm32f4xx_hal_spi.o
 .text.SPI_EndRxTxTransaction
                0x00000000080087d8       0xa8 ./Drivers/STM32F4xx_HAL_Drivers/stm32f4xx_hal_spi.o
 .text.HAL_TIM_OC_Init
                0x0000000008008880       0x9e ./Drivers/STM32F4xx_HAL_Drivers/stm32f4xx_hal_tim.o
                0x0000000008008880                HAL_TIM_OC_Init
 .text.HAL_TIM_OC_MspInit
                0x000000000800891e       0x14 ./Drivers/STM32F4xx_HAL_Drivers/stm32f4xx_hal_tim.o
                0x000000000800891e                HAL_TIM_OC_MspInit
 *fill*         0x0000000008008932        0x2 
 .text.HAL_TIM_OC_Start_IT
                0x0000000008008934      0x22c ./Drivers/STM32F4xx_HAL_Drivers/stm32f4xx_hal_tim.o
                0x0000000008008934                HAL_TIM_OC_Start_IT
 .text.HAL_TIM_IRQHandler
                0x0000000008008b60      0x1e0 ./Drivers/STM32F4xx_HAL_Drivers/stm32f4xx_hal_tim.o
                0x0000000008008b60                HAL_TIM_IRQHandler
 .text.HAL_TIM_OC_ConfigChannel
                0x0000000008008d40       0xb8 ./Drivers/STM32F4xx_HAL_Drivers/stm32f4xx_hal_tim.o
                0x0000000008008d40                HAL_TIM_OC_ConfigChannel
 .text.HAL_TIM_ReadCapturedValue
                0x0000000008008df8       0x88 ./Drivers/STM32F4xx_HAL_Drivers/stm32f4xx_hal_tim.o
                0x0000000008008df8                HAL_TIM_ReadCapturedValue
 .text.HAL_TIM_PeriodElapsedCallback
                0x0000000008008e80       0x14 ./Drivers/STM32F4xx_HAL_Drivers/stm32f4xx_hal_tim.o
                0x0000000008008e80                HAL_TIM_PeriodElapsedCallback
 .text.HAL_TIM_IC_CaptureCallback
                0x0000000008008e94       0x14 ./Drivers/STM32F4xx_HAL_Drivers/stm32f4xx_hal_tim.o
                0x0000000008008e94                HAL_TIM_IC_CaptureCallback
 .text.HAL_TIM_PWM_PulseFinishedCallback
                0x0000000008008ea8       0x14 ./Drivers/STM32F4xx_HAL_Drivers/stm32f4xx_hal_tim.o
                0x0000000008008ea8                HAL_TIM_PWM_PulseFinishedCallback
 .text.HAL_TIM_TriggerCallback
                0x0000000008008ebc       0x14 ./Drivers/STM32F4xx_HAL_Drivers/stm32f4xx_hal_tim.o
                0x0000000008008ebc                HAL_TIM_TriggerCallback
 .text.TIM_Base_SetConfig
                0x0000000008008ed0      0x158 ./Drivers/STM32F4xx_HAL_Drivers/stm32f4xx_hal_tim.o
                0x0000000008008ed0                TIM_Base_SetConfig
 .text.TIM_OC1_SetConfig
                0x0000000008009028       0xe0 ./Drivers/STM32F4xx_HAL_Drivers/stm32f4xx_hal_tim.o
 .text.TIM_OC2_SetConfig
                0x0000000008009108       0xec ./Drivers/STM32F4xx_HAL_Drivers/stm32f4xx_hal_tim.o
                0x0000000008009108                TIM_OC2_SetConfig
 .text.TIM_OC3_SetConfig
                0x00000000080091f4       0xe8 ./Drivers/STM32F4xx_HAL_Drivers/stm32f4xx_hal_tim.o
 .text.TIM_OC4_SetConfig
                0x00000000080092dc       0xac ./Drivers/STM32F4xx_HAL_Drivers/stm32f4xx_hal_tim.o
 .text.TIM_CCxChannelCmd
                0x0000000008009388       0x4a ./Drivers/STM32F4xx_HAL_Drivers/stm32f4xx_hal_tim.o
                0x0000000008009388                TIM_CCxChannelCmd
 .text.HAL_TIMEx_CommutCallback
                0x00000000080093d2       0x14 ./Drivers/STM32F4xx_HAL_Drivers/stm32f4xx_hal_tim_ex.o
                0x00000000080093d2                HAL_TIMEx_CommutCallback
 .text.HAL_TIMEx_BreakCallback
                0x00000000080093e6       0x14 ./Drivers/STM32F4xx_HAL_Drivers/stm32f4xx_hal_tim_ex.o
                0x00000000080093e6                HAL_TIMEx_BreakCallback
 .text.USB_EnableGlobalInt
                0x00000000080093fa       0x22 ./Drivers/STM32F4xx_HAL_Drivers/stm32f4xx_ll_usb.o
                0x00000000080093fa                USB_EnableGlobalInt
 .text.USB_DisableGlobalInt
                0x000000000800941c       0x22 ./Drivers/STM32F4xx_HAL_Drivers/stm32f4xx_ll_usb.o
                0x000000000800941c                USB_DisableGlobalInt
 .text.USB_FlushTxFifo
                0x000000000800943e       0x64 ./Drivers/STM32F4xx_HAL_Drivers/stm32f4xx_ll_usb.o
                0x000000000800943e                USB_FlushTxFifo
 .text.USB_FlushRxFifo
                0x00000000080094a2       0x5c ./Drivers/STM32F4xx_HAL_Drivers/stm32f4xx_ll_usb.o
                0x00000000080094a2                USB_FlushRxFifo
 .text.USB_ReadPacket
                0x00000000080094fe       0xb0 ./Drivers/STM32F4xx_HAL_Drivers/stm32f4xx_ll_usb.o
                0x00000000080094fe                USB_ReadPacket
 .text.USB_ReadInterrupts
                0x00000000080095ae       0x26 ./Drivers/STM32F4xx_HAL_Drivers/stm32f4xx_ll_usb.o
                0x00000000080095ae                USB_ReadInterrupts
 .text.USB_ReadChInterrupts
                0x00000000080095d4       0x42 ./Drivers/STM32F4xx_HAL_Drivers/stm32f4xx_ll_usb.o
                0x00000000080095d4                USB_ReadChInterrupts
 .text.USB_GetMode
                0x0000000008009616       0x1c ./Drivers/STM32F4xx_HAL_Drivers/stm32f4xx_ll_usb.o
                0x0000000008009616                USB_GetMode
 .text.USB_InitFSLSPClkSel
                0x0000000008009632       0x7a ./Drivers/STM32F4xx_HAL_Drivers/stm32f4xx_ll_usb.o
                0x0000000008009632                USB_InitFSLSPClkSel
 .text.USB_HC_ReadInterrupt
                0x00000000080096ac       0x22 ./Drivers/STM32F4xx_HAL_Drivers/stm32f4xx_ll_usb.o
                0x00000000080096ac                USB_HC_ReadInterrupt
 .text.USB_HC_Halt
                0x00000000080096ce      0x240 ./Drivers/STM32F4xx_HAL_Drivers/stm32f4xx_ll_usb.o
                0x00000000080096ce                USB_HC_Halt
 .text.USB_StopHost
                0x000000000800990e      0x124 ./Drivers/STM32F4xx_HAL_Drivers/stm32f4xx_ll_usb.o
                0x000000000800990e                USB_StopHost
 .text.USBH_LL_IncTimer
                0x0000000008009a32       0x24 ./Middlewares/STM32_USBH_Library/Core/usbh_core.o
                0x0000000008009a32                USBH_LL_IncTimer
 .text.USBH_HandleSof
                0x0000000008009a56       0x30 ./Middlewares/STM32_USBH_Library/Core/usbh_core.o
 .text.USBH_LL_PortEnabled
                0x0000000008009a86       0x1c ./Middlewares/STM32_USBH_Library/Core/usbh_core.o
                0x0000000008009a86                USBH_LL_PortEnabled
 .text.USBH_LL_PortDisabled
                0x0000000008009aa2       0x1c ./Middlewares/STM32_USBH_Library/Core/usbh_core.o
                0x0000000008009aa2                USBH_LL_PortDisabled
 .text.USBH_LL_Connect
                0x0000000008009abe       0x2e ./Middlewares/STM32_USBH_Library/Core/usbh_core.o
                0x0000000008009abe                USBH_LL_Connect
 .text.USBH_LL_Disconnect
                0x0000000008009aec       0x48 ./Middlewares/STM32_USBH_Library/Core/usbh_core.o
                0x0000000008009aec                USBH_LL_Disconnect
 .text.USBH_FreePipe
                0x0000000008009b34       0x40 ./Middlewares/STM32_USBH_Library/Core/usbh_pipes.o
                0x0000000008009b34                USBH_FreePipe
 .text.D16_GENERIC
                0x0000000008009b74      0x118 ../../Middlewares/ST/STM32_Audio/Addons/PDM/Lib\libPDMFilter_CM4_GCC_wc32.a(pdm_filter.o)
 .text.D24_GENERIC
                0x0000000008009c8c      0x188 ../../Middlewares/ST/STM32_Audio/Addons/PDM/Lib\libPDMFilter_CM4_GCC_wc32.a(pdm_filter.o)
 .text.D32_GENERIC
                0x0000000008009e14      0x188 ../../Middlewares/ST/STM32_Audio/Addons/PDM/Lib\libPDMFilter_CM4_GCC_wc32.a(pdm_filter.o)
 .text.D48_GENERIC
                0x0000000008009f9c      0x1e8 ../../Middlewares/ST/STM32_Audio/Addons/PDM/Lib\libPDMFilter_CM4_GCC_wc32.a(pdm_filter.o)
 .text.D64_GENERIC
                0x000000000800a184      0x21c ../../Middlewares/ST/STM32_Audio/Addons/PDM/Lib\libPDMFilter_CM4_GCC_wc32.a(pdm_filter.o)
 .text.D80_GENERIC
                0x000000000800a3a0      0x294 ../../Middlewares/ST/STM32_Audio/Addons/PDM/Lib\libPDMFilter_CM4_GCC_wc32.a(pdm_filter.o)
 .text.D128_GENERIC
                0x000000000800a634      0x3e0 ../../Middlewares/ST/STM32_Audio/Addons/PDM/Lib\libPDMFilter_CM4_GCC_wc32.a(pdm_filter.o)
 .text.D16_1CH_HTONS_VOL_HP
                0x000000000800aa14       0xe8 ../../Middlewares/ST/STM32_Audio/Addons/PDM/Lib\libPDMFilter_CM4_GCC_wc32.a(pdm_filter.o)
 .text.D24_1CH_HTONS_VOL_HP
                0x000000000800aafc      0x144 ../../Middlewares/ST/STM32_Audio/Addons/PDM/Lib\libPDMFilter_CM4_GCC_wc32.a(pdm_filter.o)
 .text.D32_1CH_HTONS_VOL_HP
                0x000000000800ac40      0x11c ../../Middlewares/ST/STM32_Audio/Addons/PDM/Lib\libPDMFilter_CM4_GCC_wc32.a(pdm_filter.o)
 .text.D48_1CH_HTONS_VOL_HP
                0x000000000800ad5c      0x16c ../../Middlewares/ST/STM32_Audio/Addons/PDM/Lib\libPDMFilter_CM4_GCC_wc32.a(pdm_filter.o)
 .text.D64_1CH_HTONS_VOL_HP
                0x000000000800aec8      0x1a0 ../../Middlewares/ST/STM32_Audio/Addons/PDM/Lib\libPDMFilter_CM4_GCC_wc32.a(pdm_filter.o)
 .text.D80_1CH_HTONS_VOL_HP
                0x000000000800b068      0x208 ../../Middlewares/ST/STM32_Audio/Addons/PDM/Lib\libPDMFilter_CM4_GCC_wc32.a(pdm_filter.o)
 .text.D128_1CH_HTONS_VOL_HP
                0x000000000800b270      0x324 ../../Middlewares/ST/STM32_Audio/Addons/PDM/Lib\libPDMFilter_CM4_GCC_wc32.a(pdm_filter.o)
 .text.PDM_Filter_Init
                0x000000000800b594      0x1a0 ../../Middlewares/ST/STM32_Audio/Addons/PDM/Lib\libPDMFilter_CM4_GCC_wc32.a(pdm_filter.o)
                0x000000000800b594                PDM_Filter_Init
 .text.PDM_Filter_setConfig
                0x000000000800b734      0x20c ../../Middlewares/ST/STM32_Audio/Addons/PDM/Lib\libPDMFilter_CM4_GCC_wc32.a(pdm_filter.o)
                0x000000000800b734                PDM_Filter_setConfig
 .text.PDM_Filter
                0x000000000800b940       0x34 ../../Middlewares/ST/STM32_Audio/Addons/PDM/Lib\libPDMFilter_CM4_GCC_wc32.a(pdm_filter.o)
                0x000000000800b940                PDM_Filter
 .text.memset   0x000000000800b974       0x10 C:/ST/STM32CubeIDE_1.14.0/STM32CubeIDE/plugins/com.st.stm32cube.ide.mcu.externaltools.gnu-tools-for-stm32.11.3.rel1.win32_1.1.100.202309141235/tools/bin/../lib/gcc/arm-none-eabi/11.3.1/../../../../arm-none-eabi/lib/thumb/v7e-m+fp/hard\libc_nano.a(libc_a-memset.o)
                0x000000000800b974                memset
 .text.__errno  0x000000000800b984        0xc C:/ST/STM32CubeIDE_1.14.0/STM32CubeIDE/plugins/com.st.stm32cube.ide.mcu.externaltools.gnu-tools-for-stm32.11.3.rel1.win32_1.1.100.202309141235/tools/bin/../lib/gcc/arm-none-eabi/11.3.1/../../../../arm-none-eabi/lib/thumb/v7e-m+fp/hard\libc_nano.a(libc_a-errno.o)
                0x000000000800b984                __errno
 .text.__libc_init_array
                0x000000000800b990       0x48 C:/ST/STM32CubeIDE_1.14.0/STM32CubeIDE/plugins/com.st.stm32cube.ide.mcu.externaltools.gnu-tools-for-stm32.11.3.rel1.win32_1.1.100.202309141235/tools/bin/../lib/gcc/arm-none-eabi/11.3.1/../../../../arm-none-eabi/lib/thumb/v7e-m+fp/hard\libc_nano.a(libc_a-init.o)
                0x000000000800b990                __libc_init_array
 .text.memcpy   0x000000000800b9d8       0x1c C:/ST/STM32CubeIDE_1.14.0/STM32CubeIDE/plugins/com.st.stm32cube.ide.mcu.externaltools.gnu-tools-for-stm32.11.3.rel1.win32_1.1.100.202309141235/tools/bin/../lib/gcc/arm-none-eabi/11.3.1/../../../../arm-none-eabi/lib/thumb/v7e-m+fp/hard\libc_nano.a(libc_a-memcpy-stub.o)
                0x000000000800b9d8                memcpy
 .text.powf     0x000000000800b9f4       0xae C:/ST/STM32CubeIDE_1.14.0/STM32CubeIDE/plugins/com.st.stm32cube.ide.mcu.externaltools.gnu-tools-for-stm32.11.3.rel1.win32_1.1.100.202309141235/tools/bin/../lib/gcc/arm-none-eabi/11.3.1/../../../../arm-none-eabi/lib/thumb/v7e-m+fp/hard\libm.a(libm_a-wf_pow.o)
                0x000000000800b9f4                powf
 .text.finitef  0x000000000800baa2       0x1a C:/ST/STM32CubeIDE_1.14.0/STM32CubeIDE/plugins/com.st.stm32cube.ide.mcu.externaltools.gnu-tools-for-stm32.11.3.rel1.win32_1.1.100.202309141235/tools/bin/../lib/gcc/arm-none-eabi/11.3.1/../../../../arm-none-eabi/lib/thumb/v7e-m+fp/hard\libm.a(libm_a-sf_finite.o)
                0x000000000800baa2                finitef
 .text.roundf   0x000000000800babc       0x48 C:/ST/STM32CubeIDE_1.14.0/STM32CubeIDE/plugins/com.st.stm32cube.ide.mcu.externaltools.gnu-tools-for-stm32.11.3.rel1.win32_1.1.100.202309141235/tools/bin/../lib/gcc/arm-none-eabi/11.3.1/../../../../arm-none-eabi/lib/thumb/v7e-m+fp/hard\libm.a(libm_a-sf_round.o)
                0x000000000800babc                roundf
 .text.__ieee754_powf
                0x000000000800bb04      0x594 C:/ST/STM32CubeIDE_1.14.0/STM32CubeIDE/plugins/com.st.stm32cube.ide.mcu.externaltools.gnu-tools-for-stm32.11.3.rel1.win32_1.1.100.202309141235/tools/bin/../lib/gcc/arm-none-eabi/11.3.1/../../../../arm-none-eabi/lib/thumb/v7e-m+fp/hard\libm.a(libm_a-ef_pow.o)
                0x000000000800bb04                __ieee754_powf
 .text.fabsf    0x000000000800c098        0xe C:/ST/STM32CubeIDE_1.14.0/STM32CubeIDE/plugins/com.st.stm32cube.ide.mcu.externaltools.gnu-tools-for-stm32.11.3.rel1.win32_1.1.100.202309141235/tools/bin/../lib/gcc/arm-none-eabi/11.3.1/../../../../arm-none-eabi/lib/thumb/v7e-m+fp/hard\libm.a(libm_a-sf_fabs.o)
                0x000000000800c098                fabsf
 *fill*         0x000000000800c0a6        0x2 
 .text.scalbnf  0x000000000800c0a8       0xcc C:/ST/STM32CubeIDE_1.14.0/STM32CubeIDE/plugins/com.st.stm32cube.ide.mcu.externaltools.gnu-tools-for-stm32.11.3.rel1.win32_1.1.100.202309141235/tools/bin/../lib/gcc/arm-none-eabi/11.3.1/../../../../arm-none-eabi/lib/thumb/v7e-m+fp/hard\libm.a(libm_a-sf_scalbn.o)
                0x000000000800c0a8                scalbnf
 .text.with_errnof
                0x000000000800c174       0x16 C:/ST/STM32CubeIDE_1.14.0/STM32CubeIDE/plugins/com.st.stm32cube.ide.mcu.externaltools.gnu-tools-for-stm32.11.3.rel1.win32_1.1.100.202309141235/tools/bin/../lib/gcc/arm-none-eabi/11.3.1/../../../../arm-none-eabi/lib/thumb/v7e-m+fp/hard\libm.a(libm_a-math_errf.o)
 .text.xflowf   0x000000000800c18a       0x16 C:/ST/STM32CubeIDE_1.14.0/STM32CubeIDE/plugins/com.st.stm32cube.ide.mcu.externaltools.gnu-tools-for-stm32.11.3.rel1.win32_1.1.100.202309141235/tools/bin/../lib/gcc/arm-none-eabi/11.3.1/../../../../arm-none-eabi/lib/thumb/v7e-m+fp/hard\libm.a(libm_a-math_errf.o)
 .text.__math_uflowf
                0x000000000800c1a0        0xc C:/ST/STM32CubeIDE_1.14.0/STM32CubeIDE/plugins/com.st.stm32cube.ide.mcu.externaltools.gnu-tools-for-stm32.11.3.rel1.win32_1.1.100.202309141235/tools/bin/../lib/gcc/arm-none-eabi/11.3.1/../../../../arm-none-eabi/lib/thumb/v7e-m+fp/hard\libm.a(libm_a-math_errf.o)
                0x000000000800c1a0                __math_uflowf
 .text.__math_oflowf
                0x000000000800c1ac        0xc C:/ST/STM32CubeIDE_1.14.0/STM32CubeIDE/plugins/com.st.stm32cube.ide.mcu.externaltools.gnu-tools-for-stm32.11.3.rel1.win32_1.1.100.202309141235/tools/bin/../lib/gcc/arm-none-eabi/11.3.1/../../../../arm-none-eabi/lib/thumb/v7e-m+fp/hard\libm.a(libm_a-math_errf.o)
                0x000000000800c1ac                __math_oflowf
 .text.__ieee754_sqrtf
                0x000000000800c1b8        0x6 C:/ST/STM32CubeIDE_1.14.0/STM32CubeIDE/plugins/com.st.stm32cube.ide.mcu.externaltools.gnu-tools-for-stm32.11.3.rel1.win32_1.1.100.202309141235/tools/bin/../lib/gcc/arm-none-eabi/11.3.1/../../../../arm-none-eabi/lib/thumb/v7e-m+fp/hard\libm.a(libm_a-ef_sqrt.o)
                0x000000000800c1b8                __ieee754_sqrtf
 *(.glue_7)
 .glue_7        0x000000000800c1be        0x0 linker stubs
 *(.glue_7t)
 .glue_7t       0x000000000800c1be        0x0 linker stubs
 *(.eh_frame)
 *fill*         0x000000000800c1be        0x2 
 .eh_frame      0x000000000800c1c0        0x0 C:/ST/STM32CubeIDE_1.14.0/STM32CubeIDE/plugins/com.st.stm32cube.ide.mcu.externaltools.gnu-tools-for-stm32.11.3.rel1.win32_1.1.100.202309141235/tools/bin/../lib/gcc/arm-none-eabi/11.3.1/thumb/v7e-m+fp/hard/crtbegin.o
 *(.init)
 .init          0x000000000800c1c0        0x4 C:/ST/STM32CubeIDE_1.14.0/STM32CubeIDE/plugins/com.st.stm32cube.ide.mcu.externaltools.gnu-tools-for-stm32.11.3.rel1.win32_1.1.100.202309141235/tools/bin/../lib/gcc/arm-none-eabi/11.3.1/thumb/v7e-m+fp/hard/crti.o
                0x000000000800c1c0                _init
 .init          0x000000000800c1c4        0x8 C:/ST/STM32CubeIDE_1.14.0/STM32CubeIDE/plugins/com.st.stm32cube.ide.mcu.externaltools.gnu-tools-for-stm32.11.3.rel1.win32_1.1.100.202309141235/tools/bin/../lib/gcc/arm-none-eabi/11.3.1/thumb/v7e-m+fp/hard/crtn.o
 *(.fini)
 .fini          0x000000000800c1cc        0x4 C:/ST/STM32CubeIDE_1.14.0/STM32CubeIDE/plugins/com.st.stm32cube.ide.mcu.externaltools.gnu-tools-for-stm32.11.3.rel1.win32_1.1.100.202309141235/tools/bin/../lib/gcc/arm-none-eabi/11.3.1/thumb/v7e-m+fp/hard/crti.o
                0x000000000800c1cc                _fini
 .fini          0x000000000800c1d0        0x8 C:/ST/STM32CubeIDE_1.14.0/STM32CubeIDE/plugins/com.st.stm32cube.ide.mcu.externaltools.gnu-tools-for-stm32.11.3.rel1.win32_1.1.100.202309141235/tools/bin/../lib/gcc/arm-none-eabi/11.3.1/thumb/v7e-m+fp/hard/crtn.o
                0x000000000800c1d8                . = ALIGN (0x4)
                0x000000000800c1d8                _etext = .

.vfp11_veneer   0x000000000800c1d8        0x0
 .vfp11_veneer  0x000000000800c1d8        0x0 linker stubs

.v4_bx          0x000000000800c1d8        0x0
 .v4_bx         0x000000000800c1d8        0x0 linker stubs

.iplt           0x000000000800c1d8        0x0
 .iplt          0x000000000800c1d8        0x0 C:/ST/STM32CubeIDE_1.14.0/STM32CubeIDE/plugins/com.st.stm32cube.ide.mcu.externaltools.gnu-tools-for-stm32.11.3.rel1.win32_1.1.100.202309141235/tools/bin/../lib/gcc/arm-none-eabi/11.3.1/thumb/v7e-m+fp/hard/crtbegin.o

.rodata         0x000000000800c1d8       0xd8
                0x000000000800c1d8                . = ALIGN (0x4)
 *(.rodata)
 *(.rodata*)
 .rodata.GPIO_PIN
                0x000000000800c1d8        0x8 ./Drivers/BSP/STM32F4-Discovery/stm32f4_discovery.o
                0x000000000800c1d8                GPIO_PIN
 .rodata.I2SFreq
                0x000000000800c1e0       0x20 ./Drivers/BSP/STM32F4-Discovery/stm32f4_discovery_audio.o
                0x000000000800c1e0                I2SFreq
 .rodata.I2SPLLN
                0x000000000800c200       0x20 ./Drivers/BSP/STM32F4-Discovery/stm32f4_discovery_audio.o
                0x000000000800c200                I2SPLLN
 .rodata.I2SPLLR
                0x000000000800c220       0x20 ./Drivers/BSP/STM32F4-Discovery/stm32f4_discovery_audio.o
                0x000000000800c220                I2SPLLR
 .rodata.AHBPrescTable
                0x000000000800c240       0x10 ./Drivers/CMSIS/system_stm32f4xx.o
                0x000000000800c240                AHBPrescTable
 .rodata.APBPrescTable
                0x000000000800c250        0x8 ./Drivers/CMSIS/system_stm32f4xx.o
                0x000000000800c250                APBPrescTable
 .rodata.flagBitshiftOffset.0
                0x000000000800c258        0x8 ./Drivers/STM32F4xx_HAL_Drivers/stm32f4xx_hal_dma.o
 .rodata.CSWTCH.387
                0x000000000800c260       0x1c ../../Middlewares/ST/STM32_Audio/Addons/PDM/Lib\libPDMFilter_CM4_GCC_wc32.a(pdm_filter.o)
 .rodata.CSWTCH.388
                0x000000000800c27c       0x1c ../../Middlewares/ST/STM32_Audio/Addons/PDM/Lib\libPDMFilter_CM4_GCC_wc32.a(pdm_filter.o)
 .rodata.bp     0x000000000800c298        0x8 C:/ST/STM32CubeIDE_1.14.0/STM32CubeIDE/plugins/com.st.stm32cube.ide.mcu.externaltools.gnu-tools-for-stm32.11.3.rel1.win32_1.1.100.202309141235/tools/bin/../lib/gcc/arm-none-eabi/11.3.1/../../../../arm-none-eabi/lib/thumb/v7e-m+fp/hard\libm.a(libm_a-ef_pow.o)
 .rodata.dp_h   0x000000000800c2a0        0x8 C:/ST/STM32CubeIDE_1.14.0/STM32CubeIDE/plugins/com.st.stm32cube.ide.mcu.externaltools.gnu-tools-for-stm32.11.3.rel1.win32_1.1.100.202309141235/tools/bin/../lib/gcc/arm-none-eabi/11.3.1/../../../../arm-none-eabi/lib/thumb/v7e-m+fp/hard\libm.a(libm_a-ef_pow.o)
 .rodata.dp_l   0x000000000800c2a8        0x8 C:/ST/STM32CubeIDE_1.14.0/STM32CubeIDE/plugins/com.st.stm32cube.ide.mcu.externaltools.gnu-tools-for-stm32.11.3.rel1.win32_1.1.100.202309141235/tools/bin/../lib/gcc/arm-none-eabi/11.3.1/../../../../arm-none-eabi/lib/thumb/v7e-m+fp/hard\libm.a(libm_a-ef_pow.o)
                0x000000000800c2b0                . = ALIGN (0x4)

.ARM.extab      0x000000000800c2b0        0x0
                0x000000000800c2b0                . = ALIGN (0x4)
 *(.ARM.extab* .gnu.linkonce.armextab.*)
                0x000000000800c2b0                . = ALIGN (0x4)

.ARM            0x000000000800c2b0        0x8
                0x000000000800c2b0                . = ALIGN (0x4)
                0x000000000800c2b0                __exidx_start = .
 *(.ARM.exidx*)
 .ARM.exidx     0x000000000800c2b0        0x8 C:/ST/STM32CubeIDE_1.14.0/STM32CubeIDE/plugins/com.st.stm32cube.ide.mcu.externaltools.gnu-tools-for-stm32.11.3.rel1.win32_1.1.100.202309141235/tools/bin/../lib/gcc/arm-none-eabi/11.3.1/thumb/v7e-m+fp/hard\libgcc.a(_udivmoddi4.o)
                0x000000000800c2b8                __exidx_end = .
                0x000000000800c2b8                . = ALIGN (0x4)

.rel.dyn        0x000000000800c2b8        0x0
 .rel.iplt      0x000000000800c2b8        0x0 C:/ST/STM32CubeIDE_1.14.0/STM32CubeIDE/plugins/com.st.stm32cube.ide.mcu.externaltools.gnu-tools-for-stm32.11.3.rel1.win32_1.1.100.202309141235/tools/bin/../lib/gcc/arm-none-eabi/11.3.1/thumb/v7e-m+fp/hard/crtbegin.o

.preinit_array  0x000000000800c2b8        0x0
                0x000000000800c2b8                . = ALIGN (0x4)
                0x000000000800c2b8                PROVIDE (__preinit_array_start = .)
 *(.preinit_array*)
                0x000000000800c2b8                PROVIDE (__preinit_array_end = .)
                0x000000000800c2b8                . = ALIGN (0x4)

.init_array     0x000000000800c2b8        0x4
                0x000000000800c2b8                . = ALIGN (0x4)
                0x000000000800c2b8                PROVIDE (__init_array_start = .)
 *(SORT_BY_NAME(.init_array.*))
 *(.init_array*)
 .init_array    0x000000000800c2b8        0x4 C:/ST/STM32CubeIDE_1.14.0/STM32CubeIDE/plugins/com.st.stm32cube.ide.mcu.externaltools.gnu-tools-for-stm32.11.3.rel1.win32_1.1.100.202309141235/tools/bin/../lib/gcc/arm-none-eabi/11.3.1/thumb/v7e-m+fp/hard/crtbegin.o
                0x000000000800c2bc                PROVIDE (__init_array_end = .)
                0x000000000800c2bc                . = ALIGN (0x4)

.fini_array     0x000000000800c2bc        0x4
                0x000000000800c2bc                . = ALIGN (0x4)
                [!provide]                        PROVIDE (__fini_array_start = .)
 *(SORT_BY_NAME(.fini_array.*))
 *(.fini_array*)
 .fini_array    0x000000000800c2bc        0x4 C:/ST/STM32CubeIDE_1.14.0/STM32CubeIDE/plugins/com.st.stm32cube.ide.mcu.externaltools.gnu-tools-for-stm32.11.3.rel1.win32_1.1.100.202309141235/tools/bin/../lib/gcc/arm-none-eabi/11.3.1/thumb/v7e-m+fp/hard/crtbegin.o
                [!provide]                        PROVIDE (__fini_array_end = .)
                0x000000000800c2c0                . = ALIGN (0x4)
                0x000000000800c2c0                _sidata = LOADADDR (.data)

.data           0x0000000020000000      0x520 load address 0x000000000800c2c0
                0x0000000020000000                . = ALIGN (0x4)
                0x0000000020000000                _sdata = .
 *(.data)
 *(.data*)
 .data.PauseResumeStatus
                0x0000000020000000        0x4 ./Application/User/main.o
                0x0000000020000000                PauseResumeStatus
 .data.CCR1Val  0x0000000020000004        0x2 ./Application/User/main.o
                0x0000000020000004                CCR1Val
 *fill*         0x0000000020000006        0x2 
 .data.CmdIndex
                0x0000000020000008        0x4 ./Application/User/main.o
                0x0000000020000008                CmdIndex
 .data.cs43l22_drv
                0x000000002000000c       0x30 ./Drivers/BSP/Components/cs43l22.o
                0x000000002000000c                cs43l22_drv
 .data.Is_cs43l22_Stop
                0x000000002000003c        0x1 ./Drivers/BSP/Components/cs43l22.o
 *fill*         0x000000002000003d        0x3 
 .data.Lis302dlDrv
                0x0000000020000040       0x34 ./Drivers/BSP/Components/lis302dl.o
                0x0000000020000040                Lis302dlDrv
 .data.Lis3dshDrv
                0x0000000020000074       0x34 ./Drivers/BSP/Components/lis3dsh.o
                0x0000000020000074                Lis3dshDrv
 .data.GPIO_PORT
                0x00000000200000a8       0x10 ./Drivers/BSP/STM32F4-Discovery/stm32f4_discovery.o
                0x00000000200000a8                GPIO_PORT
 .data.BUTTON_PORT
                0x00000000200000b8        0x4 ./Drivers/BSP/STM32F4-Discovery/stm32f4_discovery.o
                0x00000000200000b8                BUTTON_PORT
 .data.I2cxTimeout
                0x00000000200000bc        0x4 ./Drivers/BSP/STM32F4-Discovery/stm32f4_discovery.o
                0x00000000200000bc                I2cxTimeout
 .data.SpixTimeout
                0x00000000200000c0        0x4 ./Drivers/BSP/STM32F4-Discovery/stm32f4_discovery.o
                0x00000000200000c0                SpixTimeout
 .data.SystemCoreClock
                0x00000000200000c4        0x4 ./Drivers/CMSIS/system_stm32f4xx.o
                0x00000000200000c4                SystemCoreClock
 .data.uwTickPrio
                0x00000000200000c8        0x4 ./Drivers/STM32F4xx_HAL_Drivers/stm32f4xx_hal.o
                0x00000000200000c8                uwTickPrio
 .data.uwTickFreq
                0x00000000200000cc        0x1 ./Drivers/STM32F4xx_HAL_Drivers/stm32f4xx_hal.o
                0x00000000200000cc                uwTickFreq
 *fill*         0x00000000200000cd        0x3 
 .data.T_0_1_2  0x00000000200000d0      0x400 ../../Middlewares/ST/STM32_Audio/Addons/PDM/Lib\libPDMFilter_CM4_GCC_wc32.a(pdm_filter.o)
 .data._impure_data
                0x00000000200004d0       0x4c C:/ST/STM32CubeIDE_1.14.0/STM32CubeIDE/plugins/com.st.stm32cube.ide.mcu.externaltools.gnu-tools-for-stm32.11.3.rel1.win32_1.1.100.202309141235/tools/bin/../lib/gcc/arm-none-eabi/11.3.1/../../../../arm-none-eabi/lib/thumb/v7e-m+fp/hard\libc_nano.a(libc_a-impure.o)
                0x00000000200004d0                _impure_data
 .data._impure_ptr
                0x000000002000051c        0x4 C:/ST/STM32CubeIDE_1.14.0/STM32CubeIDE/plugins/com.st.stm32cube.ide.mcu.externaltools.gnu-tools-for-stm32.11.3.rel1.win32_1.1.100.202309141235/tools/bin/../lib/gcc/arm-none-eabi/11.3.1/../../../../arm-none-eabi/lib/thumb/v7e-m+fp/hard\libc_nano.a(libc_a-impure.o)
                0x000000002000051c                _impure_ptr
 *(.RamFunc)
 *(.RamFunc*)
                0x0000000020000520                . = ALIGN (0x4)
                0x0000000020000520                _edata = .
                0x000000000800c7e0                _siccmram = LOADADDR (.ccmram)

.igot.plt       0x0000000020000520        0x0 load address 0x000000000800c7e0
 .igot.plt      0x0000000020000520        0x0 C:/ST/STM32CubeIDE_1.14.0/STM32CubeIDE/plugins/com.st.stm32cube.ide.mcu.externaltools.gnu-tools-for-stm32.11.3.rel1.win32_1.1.100.202309141235/tools/bin/../lib/gcc/arm-none-eabi/11.3.1/thumb/v7e-m+fp/hard/crtbegin.o

.ccmram         0x0000000010000000        0x0 load address 0x000000000800c7e0
                0x0000000010000000                . = ALIGN (0x4)
                0x0000000010000000                _sccmram = .
 *(.ccmram)
 *(.ccmram*)
                0x0000000010000000                . = ALIGN (0x4)
                0x0000000010000000                _eccmram = .
                0x0000000010000000                . = ALIGN (0x4)

.bss            0x0000000020000520     0x39c8
                0x0000000020000520                _sbss = .
                0x0000000020000520                __bss_start__ = _sbss
 *(.bss)
 .bss           0x0000000020000520       0x1c C:/ST/STM32CubeIDE_1.14.0/STM32CubeIDE/plugins/com.st.stm32cube.ide.mcu.externaltools.gnu-tools-for-stm32.11.3.rel1.win32_1.1.100.202309141235/tools/bin/../lib/gcc/arm-none-eabi/11.3.1/thumb/v7e-m+fp/hard/crtbegin.o
 *(.bss*)
 .bss.hTimLed   0x000000002000053c       0x48 ./Application/User/main.o
                0x000000002000053c                hTimLed
 .bss.sConfigLed
                0x0000000020000584       0x1c ./Application/User/main.o
                0x0000000020000584                sConfigLed
 .bss.PressCount
                0x00000000200005a0        0x4 ./Application/User/main.o
                0x00000000200005a0                PressCount
 .bss.RepeatState
                0x00000000200005a4        0x4 ./Application/User/main.o
                0x00000000200005a4                RepeatState
 .bss.MemsID    0x00000000200005a8        0x1 ./Application/User/main.o
                0x00000000200005a8                MemsID
 *fill*         0x00000000200005a9        0x3 
 .bss.PbPressCheck
                0x00000000200005ac        0x4 ./Application/User/main.o
                0x00000000200005ac                PbPressCheck
 .bss.AppliState
                0x00000000200005b0        0x1 ./Application/User/main.o
                0x00000000200005b0                AppliState
 *fill*         0x00000000200005b1        0x3 
 .bss.TimeRecBase
                0x00000000200005b4        0x4 ./Application/User/stm32f4xx_it.o
                0x00000000200005b4                TimeRecBase
 .bss.hhcd      0x00000000200005b8      0x3e0 ./Application/User/usbh_conf.o
                0x00000000200005b8                hhcd
 .bss.LEDsState
                0x0000000020000998        0x4 ./Application/User/waveplayer.o
                0x0000000020000998                LEDsState
 .bss.AudioPlayStart
                0x000000002000099c        0x4 ./Application/User/waveplayer.o
                0x000000002000099c                AudioPlayStart
 .bss.buffer_offset
                0x00000000200009a0        0x1 ./Application/User/waveplayer.o
                0x00000000200009a0                buffer_offset
 *fill*         0x00000000200009a1        0x3 
 .bss.WaveCounter
                0x00000000200009a4        0x4 ./Application/User/waverecorder.o
                0x00000000200009a4                WaveCounter
 .bss.WrBuffer  0x00000000200009a8     0x2000 ./Application/User/waverecorder.o
                0x00000000200009a8                WrBuffer
 .bss.RecBuf    0x00000000200029a8       0x40 ./Application/User/waverecorder.o
 .bss.InternalBuffer
                0x00000000200029e8      0x100 ./Application/User/waverecorder.o
 .bss.ITCounter
                0x0000000020002ae8        0x4 ./Application/User/waverecorder.o
                0x0000000020002ae8                ITCounter
 .bss.BufferCtl
                0x0000000020002aec        0x8 ./Application/User/waverecorder.o
                0x0000000020002aec                BufferCtl
 .bss.AUDIODataReady
                0x0000000020002af4        0x4 ./Application/User/waverecorder.o
                0x0000000020002af4                AUDIODataReady
 .bss.AUDIOBuffOffset
                0x0000000020002af8        0x4 ./Application/User/waverecorder.o
                0x0000000020002af8                AUDIOBuffOffset
 .bss.test_audio_output
                0x0000000020002afc     0x1000 ./Application/User/waverecorder.o
                0x0000000020002afc                test_audio_output
 .bss.OutputDev
                0x0000000020003afc        0x1 ./Drivers/BSP/Components/cs43l22.o
                0x0000000020003afc                OutputDev
 *fill*         0x0000000020003afd        0x3 
 .bss.SpiHandle
                0x0000000020003b00       0x58 ./Drivers/BSP/STM32F4-Discovery/stm32f4_discovery.o
 .bss.I2cHandle
                0x0000000020003b58       0x54 ./Drivers/BSP/STM32F4-Discovery/stm32f4_discovery.o
 .bss.AcceleroDrv
                0x0000000020003bac        0x4 ./Drivers/BSP/STM32F4-Discovery/stm32f4_discovery_accelerometer.o
 .bss.pAudioDrv
                0x0000000020003bb0        0x4 ./Drivers/BSP/STM32F4-Discovery/stm32f4_discovery_audio.o
 .bss.hAudioOutI2s
                0x0000000020003bb4       0x48 ./Drivers/BSP/STM32F4-Discovery/stm32f4_discovery_audio.o
                0x0000000020003bb4                hAudioOutI2s
 .bss.hAudioInI2s
                0x0000000020003bfc       0x48 ./Drivers/BSP/STM32F4-Discovery/stm32f4_discovery_audio.o
                0x0000000020003bfc                hAudioInI2s
 .bss.PDM_FilterHandler
                0x0000000020003c44       0x98 ./Drivers/BSP/STM32F4-Discovery/stm32f4_discovery_audio.o
                0x0000000020003c44                PDM_FilterHandler
 .bss.PDM_FilterConfig
                0x0000000020003cdc        0xc ./Drivers/BSP/STM32F4-Discovery/stm32f4_discovery_audio.o
                0x0000000020003cdc                PDM_FilterConfig
 .bss.hdma_i2sTx.1
                0x0000000020003ce8       0x60 ./Drivers/BSP/STM32F4-Discovery/stm32f4_discovery_audio.o
 .bss.hdma_i2sRx.0
                0x0000000020003d48       0x60 ./Drivers/BSP/STM32F4-Discovery/stm32f4_discovery_audio.o
 .bss.uwTick    0x0000000020003da8        0x4 ./Drivers/STM32F4xx_HAL_Drivers/stm32f4xx_hal.o
                0x0000000020003da8                uwTick
 .bss.LT_Initialization
                0x0000000020003dac        0x1 ../../Middlewares/ST/STM32_Audio/Addons/PDM/Lib\libPDMFilter_CM4_GCC_wc32.a(pdm_filter.o)
 *fill*         0x0000000020003dad        0x3 
 .bss.__sf      0x0000000020003db0      0x138 C:/ST/STM32CubeIDE_1.14.0/STM32CubeIDE/plugins/com.st.stm32cube.ide.mcu.externaltools.gnu-tools-for-stm32.11.3.rel1.win32_1.1.100.202309141235/tools/bin/../lib/gcc/arm-none-eabi/11.3.1/../../../../arm-none-eabi/lib/thumb/v7e-m+fp/hard\libc_nano.a(libc_a-findfp.o)
                0x0000000020003db0                __sf
 *(COMMON)
                0x0000000020003ee8                . = ALIGN (0x4)
                0x0000000020003ee8                _ebss = .
                0x0000000020003ee8                __bss_end__ = _ebss

._user_heap_stack
                0x0000000020003ee8     0x4000
                0x0000000020003ee8                . = ALIGN (0x8)
                [!provide]                        PROVIDE (end = .)
                0x0000000020003ee8                PROVIDE (_end = .)
                0x0000000020005ee8                . = (. + _Min_Heap_Size)
 *fill*         0x0000000020003ee8     0x2000 
                0x0000000020007ee8                . = (. + _Min_Stack_Size)
 *fill*         0x0000000020005ee8     0x2000 
                0x0000000020007ee8                . = ALIGN (0x8)

/DISCARD/
 libc.a(*)
 libm.a(*)
 libgcc.a(*)

.ARM.attributes
                0x0000000000000000       0x30
 *(.ARM.attributes)
 .ARM.attributes
                0x0000000000000000       0x1e C:/ST/STM32CubeIDE_1.14.0/STM32CubeIDE/plugins/com.st.stm32cube.ide.mcu.externaltools.gnu-tools-for-stm32.11.3.rel1.win32_1.1.100.202309141235/tools/bin/../lib/gcc/arm-none-eabi/11.3.1/thumb/v7e-m+fp/hard/crti.o
 .ARM.attributes
                0x000000000000001e       0x34 C:/ST/STM32CubeIDE_1.14.0/STM32CubeIDE/plugins/com.st.stm32cube.ide.mcu.externaltools.gnu-tools-for-stm32.11.3.rel1.win32_1.1.100.202309141235/tools/bin/../lib/gcc/arm-none-eabi/11.3.1/thumb/v7e-m+fp/hard/crtbegin.o
 .ARM.attributes
                0x0000000000000052       0x21 ./Application/Startup/startup_stm32f407vgtx.o
 .ARM.attributes
                0x0000000000000073       0x34 ./Application/User/main.o
 .ARM.attributes
                0x00000000000000a7       0x34 ./Application/User/stm32f4xx_it.o
 .ARM.attributes
                0x00000000000000db       0x34 ./Application/User/usbh_conf.o
 .ARM.attributes
                0x000000000000010f       0x34 ./Application/User/waveplayer.o
 .ARM.attributes
                0x0000000000000143       0x34 ./Application/User/waverecorder.o
 .ARM.attributes
                0x0000000000000177       0x34 ./Drivers/BSP/Components/cs43l22.o
 .ARM.attributes
                0x00000000000001ab       0x34 ./Drivers/BSP/Components/lis302dl.o
 .ARM.attributes
                0x00000000000001df       0x34 ./Drivers/BSP/Components/lis3dsh.o
 .ARM.attributes
                0x0000000000000213       0x34 ./Drivers/BSP/STM32F4-Discovery/stm32f4_discovery.o
 .ARM.attributes
                0x0000000000000247       0x34 ./Drivers/BSP/STM32F4-Discovery/stm32f4_discovery_accelerometer.o
 .ARM.attributes
                0x000000000000027b       0x34 ./Drivers/BSP/STM32F4-Discovery/stm32f4_discovery_audio.o
 .ARM.attributes
                0x00000000000002af       0x34 ./Drivers/CMSIS/system_stm32f4xx.o
 .ARM.attributes
                0x00000000000002e3       0x34 ./Drivers/STM32F4xx_HAL_Drivers/stm32f4xx_hal.o
 .ARM.attributes
                0x0000000000000317       0x34 ./Drivers/STM32F4xx_HAL_Drivers/stm32f4xx_hal_cortex.o
 .ARM.attributes
                0x000000000000034b       0x34 ./Drivers/STM32F4xx_HAL_Drivers/stm32f4xx_hal_dma.o
 .ARM.attributes
                0x000000000000037f       0x34 ./Drivers/STM32F4xx_HAL_Drivers/stm32f4xx_hal_gpio.o
 .ARM.attributes
                0x00000000000003b3       0x34 ./Drivers/STM32F4xx_HAL_Drivers/stm32f4xx_hal_hcd.o
 .ARM.attributes
                0x00000000000003e7       0x34 ./Drivers/STM32F4xx_HAL_Drivers/stm32f4xx_hal_i2c.o
 .ARM.attributes
                0x000000000000041b       0x34 ./Drivers/STM32F4xx_HAL_Drivers/stm32f4xx_hal_i2s.o
 .ARM.attributes
                0x000000000000044f       0x34 ./Drivers/STM32F4xx_HAL_Drivers/stm32f4xx_hal_i2s_ex.o
 .ARM.attributes
                0x0000000000000483       0x34 ./Drivers/STM32F4xx_HAL_Drivers/stm32f4xx_hal_rcc.o
 .ARM.attributes
                0x00000000000004b7       0x34 ./Drivers/STM32F4xx_HAL_Drivers/stm32f4xx_hal_rcc_ex.o
 .ARM.attributes
                0x00000000000004eb       0x34 ./Drivers/STM32F4xx_HAL_Drivers/stm32f4xx_hal_spi.o
 .ARM.attributes
                0x000000000000051f       0x34 ./Drivers/STM32F4xx_HAL_Drivers/stm32f4xx_hal_tim.o
 .ARM.attributes
                0x0000000000000553       0x34 ./Drivers/STM32F4xx_HAL_Drivers/stm32f4xx_hal_tim_ex.o
 .ARM.attributes
                0x0000000000000587       0x34 ./Drivers/STM32F4xx_HAL_Drivers/stm32f4xx_ll_usb.o
 .ARM.attributes
                0x00000000000005bb       0x34 ./Middlewares/STM32_USBH_Library/Core/usbh_core.o
 .ARM.attributes
                0x00000000000005ef       0x34 ./Middlewares/STM32_USBH_Library/Core/usbh_pipes.o
 .ARM.attributes
                0x0000000000000623       0x35 ../../Middlewares/ST/STM32_Audio/Addons/PDM/Lib\libPDMFilter_CM4_GCC_wc32.a(pdm_filter.o)
 .ARM.attributes
                0x0000000000000658       0x34 C:/ST/STM32CubeIDE_1.14.0/STM32CubeIDE/plugins/com.st.stm32cube.ide.mcu.externaltools.gnu-tools-for-stm32.11.3.rel1.win32_1.1.100.202309141235/tools/bin/../lib/gcc/arm-none-eabi/11.3.1/../../../../arm-none-eabi/lib/thumb/v7e-m+fp/hard\libc_nano.a(libc_a-findfp.o)
 .ARM.attributes
                0x000000000000068c       0x34 C:/ST/STM32CubeIDE_1.14.0/STM32CubeIDE/plugins/com.st.stm32cube.ide.mcu.externaltools.gnu-tools-for-stm32.11.3.rel1.win32_1.1.100.202309141235/tools/bin/../lib/gcc/arm-none-eabi/11.3.1/../../../../arm-none-eabi/lib/thumb/v7e-m+fp/hard\libc_nano.a(libc_a-memset.o)
 .ARM.attributes
                0x00000000000006c0       0x34 C:/ST/STM32CubeIDE_1.14.0/STM32CubeIDE/plugins/com.st.stm32cube.ide.mcu.externaltools.gnu-tools-for-stm32.11.3.rel1.win32_1.1.100.202309141235/tools/bin/../lib/gcc/arm-none-eabi/11.3.1/../../../../arm-none-eabi/lib/thumb/v7e-m+fp/hard\libc_nano.a(libc_a-impure.o)
 .ARM.attributes
                0x00000000000006f4       0x34 C:/ST/STM32CubeIDE_1.14.0/STM32CubeIDE/plugins/com.st.stm32cube.ide.mcu.externaltools.gnu-tools-for-stm32.11.3.rel1.win32_1.1.100.202309141235/tools/bin/../lib/gcc/arm-none-eabi/11.3.1/../../../../arm-none-eabi/lib/thumb/v7e-m+fp/hard\libc_nano.a(libc_a-errno.o)
 .ARM.attributes
                0x0000000000000728       0x34 C:/ST/STM32CubeIDE_1.14.0/STM32CubeIDE/plugins/com.st.stm32cube.ide.mcu.externaltools.gnu-tools-for-stm32.11.3.rel1.win32_1.1.100.202309141235/tools/bin/../lib/gcc/arm-none-eabi/11.3.1/../../../../arm-none-eabi/lib/thumb/v7e-m+fp/hard\libc_nano.a(libc_a-init.o)
 .ARM.attributes
                0x000000000000075c       0x34 C:/ST/STM32CubeIDE_1.14.0/STM32CubeIDE/plugins/com.st.stm32cube.ide.mcu.externaltools.gnu-tools-for-stm32.11.3.rel1.win32_1.1.100.202309141235/tools/bin/../lib/gcc/arm-none-eabi/11.3.1/../../../../arm-none-eabi/lib/thumb/v7e-m+fp/hard\libc_nano.a(libc_a-memcpy-stub.o)
 .ARM.attributes
                0x0000000000000790       0x34 C:/ST/STM32CubeIDE_1.14.0/STM32CubeIDE/plugins/com.st.stm32cube.ide.mcu.externaltools.gnu-tools-for-stm32.11.3.rel1.win32_1.1.100.202309141235/tools/bin/../lib/gcc/arm-none-eabi/11.3.1/../../../../arm-none-eabi/lib/thumb/v7e-m+fp/hard\libm.a(libm_a-wf_pow.o)
 .ARM.attributes
                0x00000000000007c4       0x34 C:/ST/STM32CubeIDE_1.14.0/STM32CubeIDE/plugins/com.st.stm32cube.ide.mcu.externaltools.gnu-tools-for-stm32.11.3.rel1.win32_1.1.100.202309141235/tools/bin/../lib/gcc/arm-none-eabi/11.3.1/../../../../arm-none-eabi/lib/thumb/v7e-m+fp/hard\libm.a(libm_a-sf_finite.o)
 .ARM.attributes
                0x00000000000007f8       0x34 C:/ST/STM32CubeIDE_1.14.0/STM32CubeIDE/plugins/com.st.stm32cube.ide.mcu.externaltools.gnu-tools-for-stm32.11.3.rel1.win32_1.1.100.202309141235/tools/bin/../lib/gcc/arm-none-eabi/11.3.1/../../../../arm-none-eabi/lib/thumb/v7e-m+fp/hard\libm.a(libm_a-sf_round.o)
 .ARM.attributes
                0x000000000000082c       0x34 C:/ST/STM32CubeIDE_1.14.0/STM32CubeIDE/plugins/com.st.stm32cube.ide.mcu.externaltools.gnu-tools-for-stm32.11.3.rel1.win32_1.1.100.202309141235/tools/bin/../lib/gcc/arm-none-eabi/11.3.1/../../../../arm-none-eabi/lib/thumb/v7e-m+fp/hard\libm.a(libm_a-ef_pow.o)
 .ARM.attributes
                0x0000000000000860       0x34 C:/ST/STM32CubeIDE_1.14.0/STM32CubeIDE/plugins/com.st.stm32cube.ide.mcu.externaltools.gnu-tools-for-stm32.11.3.rel1.win32_1.1.100.202309141235/tools/bin/../lib/gcc/arm-none-eabi/11.3.1/../../../../arm-none-eabi/lib/thumb/v7e-m+fp/hard\libm.a(libm_a-sf_fabs.o)
 .ARM.attributes
                0x0000000000000894       0x34 C:/ST/STM32CubeIDE_1.14.0/STM32CubeIDE/plugins/com.st.stm32cube.ide.mcu.externaltools.gnu-tools-for-stm32.11.3.rel1.win32_1.1.100.202309141235/tools/bin/../lib/gcc/arm-none-eabi/11.3.1/../../../../arm-none-eabi/lib/thumb/v7e-m+fp/hard\libm.a(libm_a-sf_scalbn.o)
 .ARM.attributes
                0x00000000000008c8       0x34 C:/ST/STM32CubeIDE_1.14.0/STM32CubeIDE/plugins/com.st.stm32cube.ide.mcu.externaltools.gnu-tools-for-stm32.11.3.rel1.win32_1.1.100.202309141235/tools/bin/../lib/gcc/arm-none-eabi/11.3.1/../../../../arm-none-eabi/lib/thumb/v7e-m+fp/hard\libm.a(libm_a-math_errf.o)
 .ARM.attributes
                0x00000000000008fc       0x34 C:/ST/STM32CubeIDE_1.14.0/STM32CubeIDE/plugins/com.st.stm32cube.ide.mcu.externaltools.gnu-tools-for-stm32.11.3.rel1.win32_1.1.100.202309141235/tools/bin/../lib/gcc/arm-none-eabi/11.3.1/../../../../arm-none-eabi/lib/thumb/v7e-m+fp/hard\libm.a(libm_a-ef_sqrt.o)
 .ARM.attributes
                0x0000000000000930       0x1e C:/ST/STM32CubeIDE_1.14.0/STM32CubeIDE/plugins/com.st.stm32cube.ide.mcu.externaltools.gnu-tools-for-stm32.11.3.rel1.win32_1.1.100.202309141235/tools/bin/../lib/gcc/arm-none-eabi/11.3.1/thumb/v7e-m+fp/hard\libgcc.a(_aeabi_uldivmod.o)
 .ARM.attributes
                0x000000000000094e       0x34 C:/ST/STM32CubeIDE_1.14.0/STM32CubeIDE/plugins/com.st.stm32cube.ide.mcu.externaltools.gnu-tools-for-stm32.11.3.rel1.win32_1.1.100.202309141235/tools/bin/../lib/gcc/arm-none-eabi/11.3.1/thumb/v7e-m+fp/hard\libgcc.a(_udivmoddi4.o)
 .ARM.attributes
                0x0000000000000982       0x1e C:/ST/STM32CubeIDE_1.14.0/STM32CubeIDE/plugins/com.st.stm32cube.ide.mcu.externaltools.gnu-tools-for-stm32.11.3.rel1.win32_1.1.100.202309141235/tools/bin/../lib/gcc/arm-none-eabi/11.3.1/thumb/v7e-m+fp/hard\libgcc.a(_dvmd_tls.o)
 .ARM.attributes
                0x00000000000009a0       0x1e C:/ST/STM32CubeIDE_1.14.0/STM32CubeIDE/plugins/com.st.stm32cube.ide.mcu.externaltools.gnu-tools-for-stm32.11.3.rel1.win32_1.1.100.202309141235/tools/bin/../lib/gcc/arm-none-eabi/11.3.1/thumb/v7e-m+fp/hard/crtn.o
OUTPUT(Audio_playback_and_record.elf elf32-littlearm)
LOAD linker stubs
LOAD C:/ST/STM32CubeIDE_1.14.0/STM32CubeIDE/plugins/com.st.stm32cube.ide.mcu.externaltools.gnu-tools-for-stm32.11.3.rel1.win32_1.1.100.202309141235/tools/bin/../lib/gcc/arm-none-eabi/11.3.1/../../../../arm-none-eabi/lib/thumb/v7e-m+fp/hard\libc.a
LOAD C:/ST/STM32CubeIDE_1.14.0/STM32CubeIDE/plugins/com.st.stm32cube.ide.mcu.externaltools.gnu-tools-for-stm32.11.3.rel1.win32_1.1.100.202309141235/tools/bin/../lib/gcc/arm-none-eabi/11.3.1/../../../../arm-none-eabi/lib/thumb/v7e-m+fp/hard\libm.a
LOAD C:/ST/STM32CubeIDE_1.14.0/STM32CubeIDE/plugins/com.st.stm32cube.ide.mcu.externaltools.gnu-tools-for-stm32.11.3.rel1.win32_1.1.100.202309141235/tools/bin/../lib/gcc/arm-none-eabi/11.3.1/thumb/v7e-m+fp/hard\libgcc.a

.comment        0x0000000000000000       0xbe
 .comment       0x0000000000000000       0x43 C:/ST/STM32CubeIDE_1.14.0/STM32CubeIDE/plugins/com.st.stm32cube.ide.mcu.externaltools.gnu-tools-for-stm32.11.3.rel1.win32_1.1.100.202309141235/tools/bin/../lib/gcc/arm-none-eabi/11.3.1/thumb/v7e-m+fp/hard/crtbegin.o
                                         0x44 (size before relaxing)
 .comment       0x0000000000000043       0x44 ./Application/User/main.o
 .comment       0x0000000000000043       0x44 ./Application/User/stm32f4xx_it.o
 .comment       0x0000000000000043       0x44 ./Application/User/usbh_conf.o
 .comment       0x0000000000000043       0x44 ./Application/User/waveplayer.o
 .comment       0x0000000000000043       0x44 ./Application/User/waverecorder.o
 .comment       0x0000000000000043       0x44 ./Drivers/BSP/Components/cs43l22.o
 .comment       0x0000000000000043       0x44 ./Drivers/BSP/Components/lis302dl.o
 .comment       0x0000000000000043       0x44 ./Drivers/BSP/Components/lis3dsh.o
 .comment       0x0000000000000043       0x44 ./Drivers/BSP/STM32F4-Discovery/stm32f4_discovery.o
 .comment       0x0000000000000043       0x44 ./Drivers/BSP/STM32F4-Discovery/stm32f4_discovery_accelerometer.o
 .comment       0x0000000000000043       0x44 ./Drivers/BSP/STM32F4-Discovery/stm32f4_discovery_audio.o
 .comment       0x0000000000000043       0x44 ./Drivers/CMSIS/system_stm32f4xx.o
 .comment       0x0000000000000043       0x44 ./Drivers/STM32F4xx_HAL_Drivers/stm32f4xx_hal.o
 .comment       0x0000000000000043       0x44 ./Drivers/STM32F4xx_HAL_Drivers/stm32f4xx_hal_cortex.o
 .comment       0x0000000000000043       0x44 ./Drivers/STM32F4xx_HAL_Drivers/stm32f4xx_hal_dma.o
 .comment       0x0000000000000043       0x44 ./Drivers/STM32F4xx_HAL_Drivers/stm32f4xx_hal_gpio.o