C:/Users/alemar1/STM32CubeIDE/workspace_1.14.0/Audio_playback_and_record/Src/main.c:73:5:main	3
C:/Users/alemar1/STM32CubeIDE/workspace_1.14.0/Audio_playback_and_record/Src/main.c:160:13:USBH_UserProcess	3
C:/Users/alemar1/STM32CubeIDE/workspace_1.14.0/Audio_playback_and_record/Src/main.c:190:13:MSC_Application	1
C:/Users/alemar1/STM32CubeIDE/workspace_1.14.0/Audio_playback_and_record/Src/main.c:226:13:COMMAND_AudioExecuteApplication	2
C:/Users/alemar1/STM32CubeIDE/workspace_1.14.0/Audio_playback_and_record/Src/main.c:268:13:SystemClock_Config	4
C:/Users/alemar1/STM32CubeIDE/workspace_1.14.0/Audio_playback_and_record/Src/main.c:320:13:TIM_LED_Config	4
C:/Users/alemar1/STM32CubeIDE/workspace_1.14.0/Audio_playback_and_record/Src/main.c:387:6:Error_Handler	1
C:/Users/alemar1/STM32CubeIDE/workspace_1.14.0/Audio_playback_and_record/Src/main.c:401:6:HAL_TIM_OC_DelayElapsedCallback	8
C:/Users/alemar1/STM32CubeIDE/workspace_1.14.0/Audio_playback_and_record/Src/main.c:458:6:HAL_GPIO_EXTI_Callback	7
