C:/Users/alemar1/STM32CubeIDE/workspace_1.14.0/Audio_playback_and_record/Src/main.c:73:5:main	8	static
C:/Users/alemar1/STM32CubeIDE/workspace_1.14.0/Audio_playback_and_record/Src/main.c:160:13:USBH_UserProcess	16	static
C:/Users/alemar1/STM32CubeIDE/workspace_1.14.0/Audio_playback_and_record/Src/main.c:190:13:MSC_Application	8	static
C:/Users/alemar1/STM32CubeIDE/workspace_1.14.0/Audio_playback_and_record/Src/main.c:226:13:COMMAND_AudioExecuteApplication	8	static
C:/Users/alemar1/STM32CubeIDE/workspace_1.14.0/Audio_playback_and_record/Src/main.c:268:13:SystemClock_Config	88	static
C:/Users/alemar1/STM32CubeIDE/workspace_1.14.0/Audio_playback_and_record/Src/main.c:320:13:TIM_LED_Config	24	static
C:/Users/alemar1/STM32CubeIDE/workspace_1.14.0/Audio_playback_and_record/Src/main.c:387:6:Error_Handler	8	static
C:/Users/alemar1/STM32CubeIDE/workspace_1.14.0/Audio_playback_and_record/Src/main.c:401:6:HAL_TIM_OC_DelayElapsedCallback	24	static
C:/Users/alemar1/STM32CubeIDE/workspace_1.14.0/Audio_playback_and_record/Src/main.c:458:6:HAL_GPIO_EXTI_Callback	16	static
